Component: ARM Compiler 5.06 update 7 (build 960) Tool: armlink [4d3601]

==============================================================================

Section Cross References

    startup_stm32f303xc.o(STACK) refers (Special) to heapauxi.o(.text) for __use_two_region_memory
    startup_stm32f303xc.o(HEAP) refers (Special) to heapauxi.o(.text) for __use_two_region_memory
    startup_stm32f303xc.o(RESET) refers (Special) to heapauxi.o(.text) for __use_two_region_memory
    startup_stm32f303xc.o(RESET) refers to startup_stm32f303xc.o(STACK) for __initial_sp
    startup_stm32f303xc.o(RESET) refers to startup_stm32f303xc.o(.text) for Reset_Handler
    startup_stm32f303xc.o(RESET) refers to stm32f3xx_it.o(i.NMI_Handler) for NMI_Handler
    startup_stm32f303xc.o(RESET) refers to stm32f3xx_it.o(i.HardFault_Handler) for HardFault_Handler
    startup_stm32f303xc.o(RESET) refers to stm32f3xx_it.o(i.MemManage_Handler) for MemManage_Handler
    startup_stm32f303xc.o(RESET) refers to stm32f3xx_it.o(i.BusFault_Handler) for BusFault_Handler
    startup_stm32f303xc.o(RESET) refers to stm32f3xx_it.o(i.UsageFault_Handler) for UsageFault_Handler
    startup_stm32f303xc.o(RESET) refers to stm32f3xx_it.o(i.SVC_Handler) for SVC_Handler
    startup_stm32f303xc.o(RESET) refers to stm32f3xx_it.o(i.DebugMon_Handler) for DebugMon_Handler
    startup_stm32f303xc.o(RESET) refers to stm32f3xx_it.o(i.PendSV_Handler) for PendSV_Handler
    startup_stm32f303xc.o(RESET) refers to stm32f3xx_it.o(i.SysTick_Handler) for SysTick_Handler
    startup_stm32f303xc.o(RESET) refers to stm32f3xx_it.o(i.DMA1_Channel1_IRQHandler) for DMA1_Channel1_IRQHandler
    startup_stm32f303xc.o(RESET) refers to stm32f3xx_it.o(i.USB_LP_CAN_RX0_IRQHandler) for USB_LP_CAN_RX0_IRQHandler
    startup_stm32f303xc.o(RESET) refers to stm32f3xx_it.o(i.TIM3_IRQHandler) for TIM3_IRQHandler
    startup_stm32f303xc.o(.text) refers (Special) to heapauxi.o(.text) for __use_two_region_memory
    startup_stm32f303xc.o(.text) refers to system_stm32f3xx.o(i.SystemInit) for SystemInit
    startup_stm32f303xc.o(.text) refers to __main.o(!!!main) for __main
    startup_stm32f303xc.o(.text) refers to startup_stm32f303xc.o(HEAP) for Heap_Mem
    startup_stm32f303xc.o(.text) refers to startup_stm32f303xc.o(STACK) for Stack_Mem
    main.o(i.HAL_TIM_PeriodElapsedCallback) refers to usbd_cdc_if.o(i.CDC_Transmit_FS) for CDC_Transmit_FS
    main.o(i.HAL_TIM_PeriodElapsedCallback) refers to main.o(.bss) for .bss
    main.o(i.HAL_TIM_PeriodElapsedCallback) refers to main.o(.data) for .data
    main.o(i.MX_ADC1_Init) refers to rt_memclr_w.o(.text) for __aeabi_memclr4
    main.o(i.MX_ADC1_Init) refers to stm32f3xx_hal_adc_ex.o(i.HAL_ADC_Init) for HAL_ADC_Init
    main.o(i.MX_ADC1_Init) refers to stm32f3xx_hal_adc_ex.o(i.HAL_ADCEx_MultiModeConfigChannel) for HAL_ADCEx_MultiModeConfigChannel
    main.o(i.MX_ADC1_Init) refers to stm32f3xx_hal_adc_ex.o(i.HAL_ADC_ConfigChannel) for HAL_ADC_ConfigChannel
    main.o(i.MX_ADC1_Init) refers to main.o(.bss) for .bss
    main.o(i.MX_TIM3_Init) refers to stm32f3xx_hal_tim.o(i.HAL_TIM_Base_Init) for HAL_TIM_Base_Init
    main.o(i.MX_TIM3_Init) refers to stm32f3xx_hal_tim.o(i.HAL_TIM_ConfigClockSource) for HAL_TIM_ConfigClockSource
    main.o(i.MX_TIM3_Init) refers to stm32f3xx_hal_tim_ex.o(i.HAL_TIMEx_MasterConfigSynchronization) for HAL_TIMEx_MasterConfigSynchronization
    main.o(i.MX_TIM3_Init) refers to main.o(.bss) for .bss
    main.o(i.SystemClock_Config) refers to rt_memclr_w.o(.text) for __aeabi_memclr4
    main.o(i.SystemClock_Config) refers to stm32f3xx_hal_rcc.o(i.HAL_RCC_OscConfig) for HAL_RCC_OscConfig
    main.o(i.SystemClock_Config) refers to stm32f3xx_hal_rcc.o(i.HAL_RCC_ClockConfig) for HAL_RCC_ClockConfig
    main.o(i.SystemClock_Config) refers to stm32f3xx_hal_rcc_ex.o(i.HAL_RCCEx_PeriphCLKConfig) for HAL_RCCEx_PeriphCLKConfig
    main.o(i.main) refers to stm32f3xx_hal.o(i.HAL_Init) for HAL_Init
    main.o(i.main) refers to main.o(i.SystemClock_Config) for SystemClock_Config
    main.o(i.main) refers to stm32f3xx_hal_cortex.o(i.HAL_NVIC_SetPriority) for HAL_NVIC_SetPriority
    main.o(i.main) refers to stm32f3xx_hal_cortex.o(i.HAL_NVIC_EnableIRQ) for HAL_NVIC_EnableIRQ
    main.o(i.main) refers to usb_device.o(i.MX_USB_DEVICE_Init) for MX_USB_DEVICE_Init
    main.o(i.main) refers to main.o(i.MX_ADC1_Init) for MX_ADC1_Init
    main.o(i.main) refers to main.o(i.MX_TIM3_Init) for MX_TIM3_Init
    main.o(i.main) refers to stm32f3xx_hal_tim.o(i.HAL_TIM_Base_Start_IT) for HAL_TIM_Base_Start_IT
    main.o(i.main) refers to stm32f3xx_hal_adc_ex.o(i.HAL_ADC_Start_DMA) for HAL_ADC_Start_DMA
    main.o(i.main) refers to main.o(.bss) for .bss
    main.o(i.main) refers to main.o(.data) for .data
    stm32f3xx_it.o(i.DMA1_Channel1_IRQHandler) refers to stm32f3xx_hal_dma.o(i.HAL_DMA_IRQHandler) for HAL_DMA_IRQHandler
    stm32f3xx_it.o(i.DMA1_Channel1_IRQHandler) refers to main.o(.bss) for hdma_adc1
[...]
    i.HAL_PCD_EP_Open                        0x08001a0c   Section        0  stm32f3xx_hal_pcd.o(i.HAL_PCD_EP_Open)
    i.HAL_PCD_EP_Receive                     0x08001a66   Section        0  stm32f3xx_hal_pcd.o(i.HAL_PCD_EP_Receive)
    i.HAL_PCD_EP_SetStall                    0x08001a94   Section        0  stm32f3xx_hal_pcd.o(i.HAL_PCD_EP_SetStall)
    i.HAL_PCD_EP_Transmit                    0x08001af4   Section        0  stm32f3xx_hal_pcd.o(i.HAL_PCD_EP_Transmit)
    i.HAL_PCD_IRQHandler                     0x08001b24   Section        0  stm32f3xx_hal_pcd.o(i.HAL_PCD_IRQHandler)
    i.HAL_PCD_Init                           0x08001c08   Section        0  stm32f3xx_hal_pcd.o(i.HAL_PCD_Init)
    i.HAL_PCD_MspInit                        0x08001cb0   Section        0  usbd_conf.o(i.HAL_PCD_MspInit)
    i.HAL_PCD_ResetCallback                  0x08001d24   Section        0  usbd_conf.o(i.HAL_PCD_ResetCallback)
    i.HAL_PCD_ResumeCallback                 0x08001d4a   Section        0  usbd_conf.o(i.HAL_PCD_ResumeCallback)
    i.HAL_PCD_SOFCallback                    0x08001d52   Section        0  usbd_conf.o(i.HAL_PCD_SOFCallback)
    i.HAL_PCD_SetAddress                     0x08001d5a   Section        0  stm32f3xx_hal_pcd.o(i.HAL_PCD_SetAddress)
    i.HAL_PCD_SetupStageCallback             0x08001d82   Section        0  usbd_conf.o(i.HAL_PCD_SetupStageCallback)
    i.HAL_PCD_Start                          0x08001d90   Section        0  stm32f3xx_hal_pcd.o(i.HAL_PCD_Start)
    i.HAL_PCD_SuspendCallback                0x08001dc4   Section        0  usbd_conf.o(i.HAL_PCD_SuspendCallback)
    i.HAL_RCCEx_PeriphCLKConfig              0x08001de8   Section        0  stm32f3xx_hal_rcc_ex.o(i.HAL_RCCEx_PeriphCLKConfig)
    i.HAL_RCC_ClockConfig                    0x08002000   Section        0  stm32f3xx_hal_rcc.o(i.HAL_RCC_ClockConfig)
    i.HAL_RCC_GetSysClockFreq                0x08002148   Section        0  stm32f3xx_hal_rcc.o(i.HAL_RCC_GetSysClockFreq)
    i.HAL_RCC_OscConfig                      0x080021b4   Section        0  stm32f3xx_hal_rcc.o(i.HAL_RCC_OscConfig)
    i.HAL_SYSTICK_Config                     0x0800277c   Section        0  stm32f3xx_hal_cortex.o(i.HAL_SYSTICK_Config)
    i.HAL_TIMEx_Break2Callback               0x080027a4   Section        0  stm32f3xx_hal_tim_ex.o(i.HAL_TIMEx_Break2Callback)
    i.HAL_TIMEx_BreakCallback                0x080027a6   Section        0  stm32f3xx_hal_tim_ex.o(i.HAL_TIMEx_BreakCallback)
    i.HAL_TIMEx_CommutCallback               0x080027a8   Section        0  stm32f3xx_hal_tim_ex.o(i.HAL_TIMEx_CommutCallback)
    i.HAL_TIMEx_MasterConfigSynchronization  0x080027ac   Section        0  stm32f3xx_hal_tim_ex.o(i.HAL_TIMEx_MasterConfigSynchronization)
    i.HAL_TIM_Base_Init                      0x0800283c   Section        0  stm32f3xx_hal_tim.o(i.HAL_TIM_Base_Init)
    i.HAL_TIM_Base_MspInit                   0x080028a0   Section        0  stm32f3xx_hal_msp.o(i.HAL_TIM_Base_MspInit)
    i.HAL_TIM_Base_Start_IT                  0x080028dc   Section        0  stm32f3xx_hal_tim.o(i.HAL_TIM_Base_Start_IT)
    i.HAL_TIM_ConfigClockSource              0x08002954   Section        0  stm32f3xx_hal_tim.o(i.HAL_TIM_ConfigClockSource)
    i.HAL_TIM_IC_CaptureCallback             0x08002a34   Section        0  stm32f3xx_hal_tim.o(i.HAL_TIM_IC_CaptureCallback)
    i.HAL_TIM_IRQHandler                     0x08002a36   Section        0  stm32f3xx_hal_tim.o(i.HAL_TIM_IRQHandler)
    i.HAL_TIM_OC_DelayElapsedCallback        0x08002bba   Section        0  stm32f3xx_hal_tim.o(i.HAL_TIM_OC_DelayElapsedCallback)
    i.HAL_TIM_PWM_PulseFinishedCallback      0x08002bbc   Section        0  stm32f3xx_hal_tim.o(i.HAL_TIM_PWM_PulseFinishedCallback)
    i.HAL_TIM_PeriodElapsedCallback          0x08002bc0   Section        0  main.o(i.HAL_TIM_PeriodElapsedCallback)
    i.HAL_TIM_TriggerCallback                0x08002bfc   Section        0  stm32f3xx_hal_tim.o(i.HAL_TIM_TriggerCallback)
    i.HardFault_Handler                      0x08002bfe   Section        0  stm32f3xx_it.o(i.HardFault_Handler)
    i.IntToUnicode                           0x08002c00   Section        0  usbd_desc.o(i.IntToUnicode)
    IntToUnicode                             0x08002c01   Thumb Code    56  usbd_desc.o(i.IntToUnicode)
    i.MX_ADC1_Init                           0x08002c38   Section        0  main.o(i.MX_ADC1_Init)
    MX_ADC1_Init                             0x08002c39   Thumb Code   126  main.o(i.MX_ADC1_Init)
    i.MX_TIM3_Init                           0x08002cbc   Section        0  main.o(i.MX_TIM3_Init)
    MX_TIM3_Init                             0x08002cbd   Thumb Code    98  main.o(i.MX_TIM3_Init)
    i.MX_USB_DEVICE_Init                     0x08002d28   Section        0  usb_device.o(i.MX_USB_DEVICE_Init)
    i.MemManage_Handler                      0x08002d7c   Section        0  stm32f3xx_it.o(i.MemManage_Handler)
    i.NMI_Handler                            0x08002d7e   Section        0  stm32f3xx_it.o(i.NMI_Handler)
    i.PCD_EP_ISR_Handler                     0x08002d80   Section        0  stm32f3xx_hal_pcd.o(i.PCD_EP_ISR_Handler)
    PCD_EP_ISR_Handler                       0x08002d81   Thumb Code   940  stm32f3xx_hal_pcd.o(i.PCD_EP_ISR_Handler)
    i.PendSV_Handler                         0x0800312c   Section        0  stm32f3xx_it.o(i.PendSV_Handler)
    i.SVC_Handler                            0x0800312e   Section        0  stm32f3xx_it.o(i.SVC_Handler)
    i.SysTick_Handler                        0x08003130   Section        0  stm32f3xx_it.o(i.SysTick_Handler)
    i.SystemClock_Config                     0x08003134   Section        0  main.o(i.SystemClock_Config)
    i.SystemInit                             0x080031b4   Section        0  system_stm32f3xx.o(i.SystemInit)
    i.TIM3_IRQHandler                        0x080031c4   Section        0  stm32f3xx_it.o(i.TIM3_IRQHandler)
    i.TIM_Base_SetConfig                     0x080031d0   Section        0  stm32f3xx_hal_tim.o(i.TIM_Base_SetConfig)
    i.TIM_ETR_SetConfig                      0x08003280   Section        0  stm32f3xx_hal_tim.o(i.TIM_ETR_SetConfig)
    i.TIM_ITRx_SetConfig                     0x08003294   Section        0  stm32f3xx_hal_tim.o(i.TIM_ITRx_SetConfig)
    TIM_ITRx_SetConfig                       0x08003295   Thumb Code    16  stm32f3xx_hal_tim.o(i.TIM_ITRx_SetConfig)
    i.TIM_TI1_ConfigInputStage               0x080032a4   Section        0  stm32f3xx_hal_tim.o(i.TIM_TI1_ConfigInputStage)
    TIM_TI1_ConfigInputStage                 0x080032a5   Thumb Code    34  stm32f3xx_hal_tim.o(i.TIM_TI1_ConfigInputStage)
    i.TIM_TI2_ConfigInputStage               0x080032c6   Section        0  stm32f3xx_hal_tim.o(i.TIM_TI2_ConfigInputStage)
    TIM_TI2_ConfigInputStage                 0x080032c7   Thumb Code    36  stm32f3xx_hal_tim.o(i.TIM_TI2_ConfigInputStage)
    i.USBD_CDC_DataIn                        0x080032ea   Section        0  usbd_cdc.o(i.USBD_CDC_DataIn)
    USBD_CDC_DataIn                          0x080032eb   Thumb Code    70  usbd_cdc.o(i.USBD_CDC_DataIn)
    i.USBD_CDC_DataOut                       0x08003330   Section        0  usbd_cdc.o(i.USBD_CDC_DataOut)
    USBD_CDC_DataOut                         0x08003331   Thumb Code    46  usbd_cdc.o(i.USBD_CDC_DataOut)
    i.USBD_CDC_DeInit                        0x0800335e   Section        0  usbd_cdc.o(i.USBD_CDC_DeInit)
    USBD_CDC_DeInit                          0x0800335f   Thumb Code    68  usbd_cdc.o(i.USBD_CDC_DeInit)
    i.USBD_CDC_EP0_RxReady                   0x080033a2   Section        0  usbd_cdc.o(i.USBD_CDC_EP0_RxReady)
    USBD_CDC_EP0_RxReady                     0x080033a3   Thumb Code    36  usbd_cdc.o(i.USBD_CDC_EP0_RxReady)
    i.USBD_CDC_GetDeviceQualifierDescriptor  0x080033c8   Section        0  usbd_cdc.o(i.USBD_CDC_GetDeviceQualifierDescriptor)
    i.USBD_CDC_GetFSCfgDesc                  0x080033d4   Section        0  usbd_cdc.o(i.USBD_CDC_GetFSCfgDesc)
    USBD_CDC_GetFSCfgDesc                    0x080033d5   Thumb Code     8  usbd_cdc.o(i.USBD_CDC_GetFSCfgDesc)
    i.USBD_CDC_GetHSCfgDesc                  0x080033e0   Section        0  usbd_cdc.o(i.USBD_CDC_GetHSCfgDesc)
    USBD_CDC_GetHSCfgDesc                    0x080033e1   Thumb Code     8  usbd_cdc.o(i.USBD_CDC_GetHSCfgDesc)
    i.USBD_CDC_GetOtherSpeedCfgDesc          0x080033ec   Section        0  usbd_cdc.o(i.USBD_CDC_GetOtherSpeedCfgDesc)
    USBD_CDC_GetOtherSpeedCfgDesc            0x080033ed   Thumb Code     8  usbd_cdc.o(i.USBD_CDC_GetOtherSpeedCfgDesc)
    i.USBD_CDC_Init                          0x080033f8   Section        0  usbd_cdc.o(i.USBD_CDC_Init)
    USBD_CDC_Init                            0x080033f9   Thumb Code   148  usbd_cdc.o(i.USBD_CDC_Init)
    i.USBD_CDC_ReceivePacket                 0x0800348c   Section        0  usbd_cdc.o(i.USBD_CDC_ReceivePacket)
    i.USBD_CDC_RegisterInterface             0x080034b4   Section        0  usbd_cdc.o(i.USBD_CDC_RegisterInterface)
    i.USBD_CDC_SetRxBuffer                   0x080034c4   Section        0  usbd_cdc.o(i.USBD_CDC_SetRxBuffer)
    i.USBD_CDC_SetTxBuffer                   0x080034d0   Section        0  usbd_cdc.o(i.USBD_CDC_SetTxBuffer)
    i.USBD_CDC_Setup                         0x080034e0   Section        0  usbd_cdc.o(i.USBD_CDC_Setup)
    USBD_CDC_Setup                           0x080034e1   Thumb Code   172  usbd_cdc.o(i.USBD_CDC_Setup)
    i.USBD_CDC_TransmitPacket                0x0800358c   Section        0  usbd_cdc.o(i.USBD_CDC_TransmitPacket)
    i.USBD_ClrClassConfig                    0x080035c2   Section        0  usbd_core.o(i.USBD_ClrClassConfig)
    i.USBD_CtlContinueRx                     0x080035d0   Section        0  usbd_ioreq.o(i.USBD_CtlContinueRx)
    i.USBD_CtlContinueSendData               0x080035e0   Section        0  usbd_ioreq.o(i.USBD_CtlContinueSendData)
    i.USBD_CtlError                          0x080035f0   Section        0  usbd_ctlreq.o(i.USBD_CtlError)
    i.USBD_CtlPrepareRx                      0x08003606   Section        0  usbd_ioreq.o(i.USBD_CtlPrepareRx)
    i.USBD_CtlReceiveStatus                  0x08003624   Section        0  usbd_ioreq.o(i.USBD_CtlReceiveStatus)
    i.USBD_CtlSendData                       0x0800363a   Section        0  usbd_ioreq.o(i.USBD_CtlSendData)
    i.USBD_CtlSendStatus                     0x08003654   Section        0  usbd_ioreq.o(i.USBD_CtlSendStatus)
    i.USBD_FS_ConfigStrDescriptor            0x0800366c   Section        0  usbd_desc.o(i.USBD_FS_ConfigStrDescriptor)
    i.USBD_FS_DeviceDescriptor               0x0800368c   Section        0  usbd_desc.o(i.USBD_FS_DeviceDescriptor)
    i.USBD_FS_InterfaceStrDescriptor         0x08003698   Section        0  usbd_desc.o(i.USBD_FS_InterfaceStrDescriptor)
    i.USBD_FS_LangIDStrDescriptor            0x080036bc   Section        0  usbd_desc.o(i.USBD_FS_LangIDStrDescriptor)
    i.USBD_FS_ManufacturerStrDescriptor      0x080036c8   Section        0  usbd_desc.o(i.USBD_FS_ManufacturerStrDescriptor)
    i.USBD_FS_ProductStrDescriptor           0x080036f0   Section        0  usbd_desc.o(i.USBD_FS_ProductStrDescriptor)
    i.USBD_FS_SerialStrDescriptor            0x0800371c   Section        0  usbd_desc.o(i.USBD_FS_SerialStrDescriptor)
    i.USBD_GetDescriptor                     0x08003754   Section        0  usbd_ctlreq.o(i.USBD_GetDescriptor)
    USBD_GetDescriptor                       0x08003755   Thumb Code   232  usbd_ctlreq.o(i.USBD_GetDescriptor)
    i.USBD_GetString                         0x0800383c   Section        0  usbd_ctlreq.o(i.USBD_GetString)
    i.USBD_Get_USB_Status                    0x08003884   Section        0  usbd_conf.o(i.USBD_Get_USB_Status)
    USBD_Get_USB_Status                      0x08003885   Thumb Code    24  usbd_conf.o(i.USBD_Get_USB_Status)
    i.USBD_Init                              0x0800389c   Section        0  usbd_core.o(i.USBD_Init)
    i.USBD_LL_ClearStallEP                   0x080038c6   Section        0  usbd_conf.o(i.USBD_LL_ClearStallEP)
    i.USBD_LL_CloseEP                        0x080038d8   Section        0  usbd_conf.o(i.USBD_LL_CloseEP)
    i.USBD_LL_DataInStage                    0x080038ea   Section        0  usbd_core.o(i.USBD_LL_DataInStage)
    i.USBD_LL_DataOutStage                   0x080039b0   Section        0  usbd_core.o(i.USBD_LL_DataOutStage)
    i.USBD_LL_GetRxDataSize                  0x08003a32   Section        0  usbd_conf.o(i.USBD_LL_GetRxDataSize)
    i.USBD_LL_Init                           0x08003a3c   Section        0  usbd_conf.o(i.USBD_LL_Init)
    i.USBD_LL_IsStallEP                      0x08003abc   Section        0  usbd_conf.o(i.USBD_LL_IsStallEP)
    i.USBD_LL_OpenEP                         0x08003adc   Section        0  usbd_conf.o(i.USBD_LL_OpenEP)
    i.USBD_LL_PrepareReceive                 0x08003af4   Section        0  usbd_conf.o(i.USBD_LL_PrepareReceive)
    i.USBD_LL_Reset                          0x08003b06   Section        0  usbd_core.o(i.USBD_LL_Reset)
    i.USBD_LL_Resume                         0x08003b56   Section        0  usbd_core.o(i.USBD_LL_Resume)
    i.USBD_LL_SOF                            0x08003b6a   Section        0  usbd_core.o(i.USBD_LL_SOF)
    i.USBD_LL_SetSpeed                       0x08003b82   Section        0  usbd_core.o(i.USBD_LL_SetSpeed)
    i.USBD_LL_SetUSBAddress                  0x08003b88   Section        0  usbd_conf.o(i.USBD_LL_SetUSBAddress)
    i.USBD_LL_SetupStage                     0x08003b9a   Section        0  usbd_core.o(i.USBD_LL_SetupStage)
    i.USBD_LL_StallEP                        0x08003bf4   Section        0  usbd_conf.o(i.USBD_LL_StallEP)
    i.USBD_LL_Start                          0x08003c06   Section        0  usbd_conf.o(i.USBD_LL_Start)
    i.USBD_LL_Suspend                        0x08003c18   Section        0  usbd_core.o(i.USBD_LL_Suspend)
    i.USBD_LL_Transmit                       0x08003c2a   Section        0  usbd_conf.o(i.USBD_LL_Transmit)
    i.USBD_ParseSetupRequest                 0x08003c3c   Section        0  usbd_ctlreq.o(i.USBD_ParseSetupRequest)
    i.USBD_RegisterClass                     0x08003c64   Section        0  usbd_core.o(i.USBD_RegisterClass)
    i.USBD_SetClassConfig                    0x08003c74   Section        0  usbd_core.o(i.USBD_SetClassConfig)
    i.USBD_SetConfig                         0x08003c8c   Section        0  usbd_ctlreq.o(i.USBD_SetConfig)
    USBD_SetConfig                           0x08003c8d   Thumb Code   128  usbd_ctlreq.o(i.USBD_SetConfig)
    i.USBD_Start                             0x08003d10   Section        0  usbd_core.o(i.USBD_Start)
    i.USBD_StdDevReq                         0x08003d1a   Section        0  usbd_ctlreq.o(i.USBD_StdDevReq)
    i.USBD_StdEPReq                          0x08003e2c   Section        0  usbd_ctlreq.o(i.USBD_StdEPReq)
    i.USBD_StdItfReq                         0x08003f7c   Section        0  usbd_ctlreq.o(i.USBD_StdItfReq)
    i.USBD_static_free                       0x08003fca   Section        0  usbd_conf.o(i.USBD_static_free)
    i.USBD_static_malloc                     0x08003fcc   Section        0  usbd_conf.o(i.USBD_static_malloc)
    i.USB_ActivateEndpoint                   0x08003fd4   Section        0  stm32f3xx_ll_usb.o(i.USB_ActivateEndpoint)
    i.USB_DeactivateEndpoint                 0x08004270   Section        0  stm32f3xx_ll_usb.o(i.USB_DeactivateEndpoint)
    i.USB_DevConnect                         0x0800437e   Section        0  stm32f3xx_ll_usb.o(i.USB_DevConnect)
    i.USB_DevInit                            0x08004382   Section        0  stm32f3xx_ll_usb.o(i.USB_DevInit)
    i.USB_DisableGlobalInt                   0x08004394   Section        0  stm32f3xx_ll_usb.o(i.USB_DisableGlobalInt)
    i.USB_EPClearStall                       0x080043a2   Section        0  stm32f3xx_ll_usb.o(i.USB_EPClearStall)
    i.USB_EPSetStall                         0x0800441a   Section        0  stm32f3xx_ll_usb.o(i.USB_EPSetStall)
    i.USB_EPStartXfer                        0x0800444c   Section        0  stm32f3xx_ll_usb.o(i.USB_EPStartXfer)
    i.USB_EnableGlobalInt                    0x0800492e   Section        0  stm32f3xx_ll_usb.o(i.USB_EnableGlobalInt)
    i.USB_LP_CAN_RX0_IRQHandler              0x08004940   Section        0  stm32f3xx_it.o(i.USB_LP_CAN_RX0_IRQHandler)
    i.USB_ReadInterrupts                     0x0800494c   Section        0  stm32f3xx_ll_usb.o(i.USB_ReadInterrupts)
    i.USB_ReadPMA                            0x08004954   Section        0  stm32f3xx_ll_usb.o(i.USB_ReadPMA)
    i.USB_SetDevAddress                      0x08004980   Section        0  stm32f3xx_ll_usb.o(i.USB_SetDevAddress)
    i.USB_WritePMA                           0x0800498c   Section        0  stm32f3xx_ll_usb.o(i.USB_WritePMA)
    i.UsageFault_Handler                     0x080049b2   Section        0  stm32f3xx_it.o(i.UsageFault_Handler)
    i.__NVIC_SetPriority                     0x080049b4   Section        0  stm32f3xx_hal_cortex.o(i.__NVIC_SetPriority)
    __NVIC_SetPriority                       0x080049b5   Thumb Code    32  stm32f3xx_hal_cortex.o(i.__NVIC_SetPriority)
    i.main                                   0x080049d4   Section        0  main.o(i.main)
    x$fpl$fpinit                             0x08004a4c   Section       10  fpinit.o(x$fpl$fpinit)
    $v0                                      0x08004a4c   Number         0  fpinit.o(x$fpl$fpinit)
    .constdata                               0x08004a56   Section       32  stm32f3xx_hal_rcc.o(.constdata)
    aPLLMULFactorTable                       0x08004a56   Data          16  stm32f3xx_hal_rcc.o(.constdata)
    aPredivFactorTable                       0x08004a66   Data          16  stm32f3xx_hal_rcc.o(.constdata)
    .constdata                               0x08004a76   Section       16  system_stm32f3xx.o(.constdata)
    .data                                    0x20000000   Section        8  main.o(.data)
    .data                                    0x20000008   Section       28  usbd_desc.o(.data)
    .data                                    0x20000024   Section       50  usbd_desc.o(.data)
    .data                                    0x20000058   Section       16  usbd_cdc_if.o(.data)
    .data                                    0x20000068   Section       12  stm32f3xx_hal.o(.data)
    .data                                    0x20000074   Section        4  system_stm32f3xx.o(.data)
    .data                                    0x20000078   Section        1  usbd_ctlreq.o(.data)
    cfgidx                                   0x20000078   Data           1  usbd_ctlreq.o(.data)
    .data                                    0x2000007c   Section      215  usbd_cdc.o(.data)
    USBD_CDC_DeviceQualifierDesc             0x2000007c   Data          10  usbd_cdc.o(.data)
    .data                                    0x20000154   Section       56  usbd_cdc.o(.data)
    .bss                                     0x2000018c   Section      156  main.o(.bss)
    .bss                                     0x20000228   Section       68  main.o(.bss)
    .bss                                     0x2000026c   Section      708  usb_device.o(.bss)
    .bss                                     0x20000530   Section      512  usbd_desc.o(.bss)
    .bss                                     0x20000730   Section     2000  usbd_cdc_if.o(.bss)
    .bss                                     0x20000f00   Section     1292  usbd_conf.o(.bss)
    mem                                      0x20000f00   Data         544  usbd_conf.o(.bss)
    .bss                                     0x2000140c   Section       96  libspace.o(.bss)
    HEAP                                     0x20001470   Section      512  startup_stm32f303xc.o(HEAP)
    Heap_Mem                                 0x20001470   Data         512  startup_stm32f303xc.o(HEAP)
    STACK                                    0x20001670   Section     1024  startup_stm32f303xc.o(STACK)
    Stack_Mem                                0x20001670   Data        1024  startup_stm32f303xc.o(STACK)
    __initial_sp                             0x20001a70   Data           0  startup_stm32f303xc.o(STACK)

    Global Symbols

    Symbol Name                              Value     Ov Type        Size  Object(Section)

    BuildAttributes$$THM_ISAv4$E$P$D$K$B$S$7EM$VFPi3$EXTD16$VFPS$VFMA$PE$A:L22UL41UL21$X:L11$S22US41US21$IEEE1$IW$USESV6$~STKCKD$USESV7$~SHL$OSPACE$ROPI$EBA8$UX$STANDARDLIB$REQ8$PRES8$EABIv2 0x00000000   Number         0  anon$$obj.o ABSOLUTE
    __ARM_use_no_argv                        0x00000000   Number         0  main.o ABSOLUTE
    __ARM_exceptions_init                     - Undefined Weak Reference
    __alloca_initialize                       - Undefined Weak Reference
    __arm_fini_                               - Undefined Weak Reference
    __arm_preinit_                            - Undefined Weak Reference
    __cpp_initialize__aeabi_                  - Undefined Weak Reference
    __cxa_finalize                            - Undefined Weak Reference
    __rt_locale                               - Undefined Weak Reference
    __sigvec_lookup                           - Undefined Weak Reference
    _atexit_init                              - Undefined Weak Reference
    _call_atexit_fns                          - Undefined Weak Reference
    _clock_init                               - Undefined Weak Reference
    _fp_trap_init                             - Undefined Weak Reference
    _fp_trap_shutdown                         - Undefined Weak Reference
    _get_lc_collate                           - Undefined Weak Reference
    _get_lc_ctype                             - Undefined Weak Reference
    _get_lc_monetary                          - Undefined Weak Reference
    _get_lc_numeric                           - Undefined Weak Reference
    _get_lc_time                              - Undefined Weak Reference
    _getenv_init                              - Undefined Weak Reference
    _handle_redirection                       - Undefined Weak Reference
    _init_alloc                               - Undefined Weak Reference
    _init_user_alloc                          - Undefined Weak Reference
    _initio                                   - Undefined Weak Reference
    _rand_init                                - Undefined Weak Reference
    _signal_finish                            - Undefined Weak Reference
    _signal_init                              - Undefined Weak Reference
    _terminate_alloc                          - Undefined Weak Reference
    _terminate_user_alloc                     - Undefined Weak Reference
    _terminateio                              - Undefined Weak Reference
    __Vectors_Size                           0x00000188   Number         0  startup_stm32f303xc.o ABSOLUTE
    __Vectors                                0x08000000   Data           4  startup_stm32f303xc.o(RESET)
    __Vectors_End                            0x08000188   Data           0  startup_stm32f303xc.o(RESET)
    __main                                   0x08000189   Thumb Code     8  __main.o(!!!main)
    __scatterload                            0x08000191   Thumb Code     0  __scatter.o(!!!scatter)
    __scatterload_rt2                        0x08000191   Thumb Code    44  __scatter.o(!!!scatter)
    __scatterload_rt2_thumb_only             0x08000191   Thumb Code     0  __scatter.o(!!!scatter)
    __scatterload_null                       0x0800019f   Thumb Code     0  __scatter.o(!!!scatter)
    __decompress                             0x080001c5   Thumb Code    90  __dczerorl2.o(!!dczerorl2)
    __decompress1                            0x080001c5   Thumb Code     0  __dczerorl2.o(!!dczerorl2)
    __scatterload_zeroinit                   0x08000221   Thumb Code    28  __scatter_zi.o(!!handler_zi)
    __rt_lib_init                            0x0800023d   Thumb Code     0  libinit.o(.ARM.Collect$$libinit$$00000000)
    __rt_lib_init_fp_1                       0x0800023f   Thumb Code     0  libinit2.o(.ARM.Collect$$libinit$$00000001)
    __rt_lib_init_alloca_1                   0x08000243   Thumb Code     0  libinit2.o(.ARM.Collect$$libinit$$0000002E)
    __rt_lib_init_argv_1                     0x08000243   Thumb Code     0  libinit2.o(.ARM.Collect$$libinit$$0000002C)
    __rt_lib_init_atexit_1                   0x08000243   Thumb Code     0  libinit2.o(.ARM.Collect$$libinit$$0000001B)
    __rt_lib_init_clock_1                    0x08000243   Thumb Code     0  libinit2.o(.ARM.Collect$$libinit$$00000021)
    __rt_lib_init_cpp_1                      0x08000243   Thumb Code     0  libinit2.o(.ARM.Collect$$libinit$$00000032)
    __rt_lib_init_exceptions_1               0x08000243   Thumb Code     0  libinit2.o(.ARM.Collect$$libinit$$00000030)
    __rt_lib_init_fp_trap_1                  0x08000243   Thumb Code     0  libinit2.o(.ARM.Collect$$libinit$$0000001F)
    __rt_lib_init_getenv_1                   0x08000243   Thumb Code     0  libinit2.o(.ARM.Collect$$libinit$$00000023)
    __rt_lib_init_heap_1                     0x08000243   Thumb Code     0  libinit2.o(.ARM.Collect$$libinit$$0000000A)
    __rt_lib_init_lc_collate_1               0x08000243   Thumb Code     0  libinit2.o(.ARM.Collect$$libinit$$00000011)
    __rt_lib_init_lc_ctype_1                 0x08000243   Thumb Code     0  libinit2.o(.ARM.Collect$$libinit$$00000013)
    __rt_lib_init_lc_monetary_1              0x08000243   Thumb Code     0  libinit2.o(.ARM.Collect$$libinit$$00000015)
    __rt_lib_init_lc_numeric_1               0x08000243   Thumb Code     0  libinit2.o(.ARM.Collect$$libinit$$00000017)
    __rt_lib_init_lc_time_1                  0x08000243   Thumb Code     0  libinit2.o(.ARM.Collect$$libinit$$00000019)
    __rt_lib_init_preinit_1                  0x08000243   Thumb Code     0  libinit2.o(.ARM.Collect$$libinit$$00000004)
    __rt_lib_init_rand_1                     0x08000243   Thumb Code     0  libinit2.o(.ARM.Collect$$libinit$$0000000E)
    __rt_lib_init_return                     0x08000243   Thumb Code     0  libinit2.o(.ARM.Collect$$libinit$$00000033)
    __rt_lib_init_signal_1                   0x08000243   Thumb Code     0  libinit2.o(.ARM.Collect$$libinit$$0000001D)
    __rt_lib_init_stdio_1                    0x08000243   Thumb Code     0  libinit2.o(.ARM.Collect$$libinit$$00000025)
    __rt_lib_init_user_alloc_1               0x08000243   Thumb Code     0  libinit2.o(.ARM.Collect$$libinit$$0000000C)
    __rt_lib_shutdown                        0x08000245   Thumb Code     0  libshutdown.o(.ARM.Collect$$libshutdown$$00000000)
    __rt_lib_shutdown_cpp_1                  0x08000247   Thumb Code     0  libshutdown2.o(.ARM.Collect$$libshutdown$$00000004)
    __rt_lib_shutdown_fini_1                 0x08000247   Thumb Code     0  libshutdown2.o(.ARM.Collect$$libshutdown$$00000002)
    __rt_lib_shutdown_fp_trap_1              0x08000247   Thumb Code     0  libshutdown2.o(.ARM.Collect$$libshutdown$$00000009)
    __rt_lib_shutdown_heap_1                 0x08000247   Thumb Code     0  libshutdown2.o(.ARM.Collect$$libshutdown$$00000011)
    __rt_lib_shutdown_return                 0x08000247   Thumb Code     0  libshutdown2.o(.ARM.Collect$$libshutdown$$00000012)
    __rt_lib_shutdown_signal_1               0x08000247   Thumb Code     0  libshutdown2.o(.ARM.Collect$$libshutdown$$0000000C)
    __rt_lib_shutdown_stdio_1                0x08000247   Thumb Code     0  libshutdown2.o(.ARM.Collect$$libshutdown$$00000006)
    __rt_lib_shutdown_user_alloc_1           0x08000247   Thumb Code     0  libshutdown2.o(.ARM.Collect$$libshutdown$$0000000E)
    __rt_entry                               0x08000249   Thumb Code     0  __rtentry.o(.ARM.Collect$$rtentry$$00000000)
    __rt_entry_presh_1                       0x08000249   Thumb Code     0  __rtentry2.o(.ARM.Collect$$rtentry$$00000002)
    __rt_entry_sh                            0x08000249   Thumb Code     0  __rtentry4.o(.ARM.Collect$$rtentry$$00000004)
    __rt_entry_li                            0x0800024f   Thumb Code     0  __rtentry2.o(.ARM.Collect$$rtentry$$0000000A)
    __rt_entry_postsh_1                      0x0800024f   Thumb Code     0  __rtentry2.o(.ARM.Collect$$rtentry$$00000009)
    __rt_entry_main                          0x08000253   Thumb Code     0  __rtentry2.o(.ARM.Collect$$rtentry$$0000000D)
    __rt_entry_postli_1                      0x08000253   Thumb Code     0  __rtentry2.o(.ARM.Collect$$rtentry$$0000000C)
    __rt_exit                                0x0800025b   Thumb Code     0  rtexit.o(.ARM.Collect$$rtexit$$00000000)
    __rt_exit_ls                             0x0800025d   Thumb Code     0  rtexit2.o(.ARM.Collect$$rtexit$$00000003)
    __rt_exit_prels_1                        0x0800025d   Thumb Code     0  rtexit2.o(.ARM.Collect$$rtexit$$00000002)
    __rt_exit_exit                           0x08000261   Thumb Code     0  rtexit2.o(.ARM.Collect$$rtexit$$00000004)
    Reset_Handler                            0x08000269   Thumb Code     8  startup_stm32f303xc.o(.text)
    ADC1_2_IRQHandler                        0x08000283   Thumb Code     0  startup_stm32f303xc.o(.text)
    ADC3_IRQHandler                          0x08000283   Thumb Code     0  startup_stm32f303xc.o(.text)
    ADC4_IRQHandler                          0x08000283   Thumb Code     0  startup_stm32f303xc.o(.text)
    CAN_RX1_IRQHandler                       0x08000283   Thumb Code     0  startup_stm32f303xc.o(.text)
    CAN_SCE_IRQHandler                       0x08000283   Thumb Code     0  startup_stm32f303xc.o(.text)
    COMP1_2_3_IRQHandler                     0x08000283   Thumb Code     0  startup_stm32f303xc.o(.text)
    COMP4_5_6_IRQHandler                     0x08000283   Thumb Code     0  startup_stm32f303xc.o(.text)
    COMP7_IRQHandler                         0x08000283   Thumb Code     0  startup_stm32f303xc.o(.text)
    DMA1_Channel2_IRQHandler                 0x08000283   Thumb Code     0  startup_stm32f303xc.o(.text)
    DMA1_Channel3_IRQHandler                 0x08000283   Thumb Code     0  startup_stm32f303xc.o(.text)
    DMA1_Channel4_IRQHandler                 0x08000283   Thumb Code     0  startup_stm32f303xc.o(.text)
    DMA1_Channel5_IRQHandler                 0x08000283   Thumb Code     0  startup_stm32f303xc.o(.text)
    DMA1_Channel6_IRQHandler                 0x08000283   Thumb Code     0  startup_stm32f303xc.o(.text)
    DMA1_Channel7_IRQHandler                 0x08000283   Thumb Code     0  startup_stm32f303xc.o(.text)
    DMA2_Channel1_IRQHandler                 0x08000283   Thumb Code     0  startup_stm32f303xc.o(.text)
    DMA2_Channel2_IRQHandler                 0x08000283   Thumb Code     0  startup_stm32f303xc.o(.text)
    DMA2_Channel3_IRQHandler                 0x08000283   Thumb Code     0  startup_stm32f303xc.o(.text)
    DMA2_Channel4_IRQHandler                 0x08000283   Thumb Code     0  startup_stm32f303xc.o(.text)
    DMA2_Channel5_IRQHandler                 0x08000283   Thumb Code     0  startup_stm32f303xc.o(.text)
    EXTI0_IRQHandler                         0x08000283   Thumb Code     0  startup_stm32f303xc.o(.text)
    EXTI15_10_IRQHandler                     0x08000283   Thumb Code     0  startup_stm32f303xc.o(.text)
    EXTI1_IRQHandler                         0x08000283   Thumb Code     0  startup_stm32f303xc.o(.text)
    EXTI2_TSC_IRQHandler                     0x08000283   Thumb Code     0  startup_stm32f303xc.o(.text)
    EXTI3_IRQHandler                         0x08000283   Thumb Code     0  startup_stm32f303xc.o(.text)
    EXTI4_IRQHandler                         0x08000283   Thumb Code     0  startup_stm32f303xc.o(.text)
    EXTI9_5_IRQHandler                       0x08000283   Thumb Code     0  startup_stm32f303xc.o(.text)
    FLASH_IRQHandler                         0x08000283   Thumb Code     0  startup_stm32f303xc.o(.text)
    FPU_IRQHandler                           0x08000283   Thumb Code     0  startup_stm32f303xc.o(.text)
    I2C1_ER_IRQHandler                       0x08000283   Thumb Code     0  startup_stm32f303xc.o(.text)
    I2C1_EV_IRQHandler                       0x08000283   Thumb Code     0  startup_stm32f303xc.o(.text)
    I2C2_ER_IRQHandler                       0x08000283   Thumb Code     0  startup_stm32f303xc.o(.text)
    I2C2_EV_IRQHandler                       0x08000283   Thumb Code     0  startup_stm32f303xc.o(.text)
    PVD_IRQHandler                           0x08000283   Thumb Code     0  startup_stm32f303xc.o(.text)
    RCC_IRQHandler                           0x08000283   Thumb Code     0  startup_stm32f303xc.o(.text)
    RTC_Alarm_IRQHandler                     0x08000283   Thumb Code     0  startup_stm32f303xc.o(.text)
    RTC_WKUP_IRQHandler                      0x08000283   Thumb Code     0  startup_stm32f303xc.o(.text)
    SPI1_IRQHandler                          0x08000283   Thumb Code     0  startup_stm32f303xc.o(.text)
    SPI2_IRQHandler                          0x08000283   Thumb Code     0  startup_stm32f303xc.o(.text)
    SPI3_IRQHandler                          0x08000283   Thumb Code     0  startup_stm32f303xc.o(.text)
    TAMP_STAMP_IRQHandler                    0x08000283   Thumb Code     0  startup_stm32f303xc.o(.text)
    TIM1_BRK_TIM15_IRQHandler                0x08000283   Thumb Code     0  startup_stm32f303xc.o(.text)
    TIM1_CC_IRQHandler                       0x08000283   Thumb Code     0  startup_stm32f303xc.o(.text)
    TIM1_TRG_COM_TIM17_IRQHandler            0x08000283   Thumb Code     0  startup_stm32f303xc.o(.text)
    TIM1_UP_TIM16_IRQHandler                 0x08000283   Thumb Code     0  startup_stm32f303xc.o(.text)
    TIM2_IRQHandler                          0x08000283   Thumb Code     0  startup_stm32f303xc.o(.text)
    TIM4_IRQHandler                          0x08000283   Thumb Code     0  startup_stm32f303xc.o(.text)
    TIM6_DAC_IRQHandler                      0x08000283   Thumb Code     0  startup_stm32f303xc.o(.text)
    TIM7_IRQHandler                          0x08000283   Thumb Code     0  startup_stm32f303xc.o(.text)
    TIM8_BRK_IRQHandler                      0x08000283   Thumb Code     0  startup_stm32f303xc.o(.text)
    TIM8_CC_IRQHandler                       0x08000283   Thumb Code     0  startup_stm32f303xc.o(.text)
    TIM8_TRG_COM_IRQHandler                  0x08000283   Thumb Code     0  startup_stm32f303xc.o(.text)
    TIM8_UP_IRQHandler                       0x08000283   Thumb Code     0  startup_stm32f303xc.o(.text)
    UART4_IRQHandler                         0x08000283   Thumb Code     0  startup_stm32f303xc.o(.text)
    UART5_IRQHandler                         0x08000283   Thumb Code     0  startup_stm32f303xc.o(.text)
    USART1_IRQHandler                        0x08000283   Thumb Code     0  startup_stm32f303xc.o(.text)
    USART2_IRQHandler                        0x08000283   Thumb Code     0  startup_stm32f303xc.o(.text)
    USART3_IRQHandler                        0x08000283   Thumb Code     0  startup_stm32f303xc.o(.text)
    USBWakeUp_IRQHandler                     0x08000283   Thumb Code     0  startup_stm32f303xc.o(.text)
    USBWakeUp_RMP_IRQHandler                 0x08000283   Thumb Code     0  startup_stm32f303xc.o(.text)
    USB_HP_CAN_TX_IRQHandler                 0x08000283   Thumb Code     0  startup_stm32f303xc.o(.text)
    USB_HP_IRQHandler                        0x08000283   Thumb Code     0  startup_stm32f303xc.o(.text)
    USB_LP_IRQHandler                        0x08000283   Thumb Code     0  startup_stm32f303xc.o(.text)
    WWDG_IRQHandler                          0x08000283   Thumb Code     0  startup_stm32f303xc.o(.text)
    __user_initial_stackheap                 0x08000285   Thumb Code     0  startup_stm32f303xc.o(.text)
    __aeabi_uldivmod                         0x080002a9   Thumb Code     0  lludivv7m.o(.text)
    _ll_udiv                                 0x080002a9   Thumb Code   238  lludivv7m.o(.text)
    __aeabi_memcpy                           0x08000397   Thumb Code     0  rt_memcpy_v6.o(.text)
    __rt_memcpy                              0x08000397   Thumb Code   138  rt_memcpy_v6.o(.text)
    _memcpy_lastbytes                        0x080003fd   Thumb Code     0  rt_memcpy_v6.o(.text)
    __aeabi_memcpy4                          0x08000421   Thumb Code     0  rt_memcpy_w.o(.text)
    __aeabi_memcpy8                          0x08000421   Thumb Code     0  rt_memcpy_w.o(.text)
    __rt_memcpy_w                            0x08000421   Thumb Code   100  rt_memcpy_w.o(.text)
    _memcpy_lastbytes_aligned                0x08000469   Thumb Code     0  rt_memcpy_w.o(.text)
    __aeabi_memclr4                          0x08000485   Thumb Code     0  rt_memclr_w.o(.text)
    __aeabi_memclr8                          0x08000485   Thumb Code     0  rt_memclr_w.o(.text)
    __rt_memclr_w                            0x08000485   Thumb Code    78  rt_memclr_w.o(.text)
    _memset_w                                0x08000489   Thumb Code     0  rt_memclr_w.o(.text)
    __use_two_region_memory                  0x080004d3   Thumb Code     2  heapauxi.o(.text)
    __rt_heap_escrow$2region                 0x080004d5   Thumb Code     2  heapauxi.o(.text)
    __rt_heap_expand$2region                 0x080004d7   Thumb Code     2  heapauxi.o(.text)
    __user_setup_stackheap                   0x080004d9   Thumb Code    74  sys_stackheap_outer.o(.text)
    exit                                     0x08000523   Thumb Code    18  exit.o(.text)
    __user_libspace                          0x08000535   Thumb Code     8  libspace.o(.text)
    __user_perproc_libspace                  0x08000535   Thumb Code     0  libspace.o(.text)
    __user_perthread_libspace                0x08000535   Thumb Code     0  libspace.o(.text)
    _sys_exit                                0x0800053d   Thumb Code     8  sys_exit.o(.text)
    __I$use$semihosting                      0x08000549   Thumb Code     0  use_no_semi.o(.text)
    __use_no_semihosting_swi                 0x08000549   Thumb Code     2  use_no_semi.o(.text)
    __semihosting_library_function           0x0800054b   Thumb Code     0  indicate_semi.o(.text)
    BusFault_Handler                         0x08000685   Thumb Code     2  stm32f3xx_it.o(i.BusFault_Handler)
    CDC_ReceiveCallBack                      0x080006b5   Thumb Code     2  main.o(i.CDC_ReceiveCallBack)
    CDC_Transmit_FS                          0x080006dd   Thumb Code    52  usbd_cdc_if.o(i.CDC_Transmit_FS)
    DMA1_Channel1_IRQHandler                 0x08000719   Thumb Code     6  stm32f3xx_it.o(i.DMA1_Channel1_IRQHandler)
    DebugMon_Handler                         0x0800078b   Thumb Code     2  stm32f3xx_it.o(i.DebugMon_Handler)
    Error_Handler                            0x0800078d   Thumb Code     4  main.o(i.Error_Handler)
    HAL_ADCEx_MultiModeConfigChannel         0x08000791   Thumb Code   258  stm32f3xx_hal_adc_ex.o(i.HAL_ADCEx_MultiModeConfigChannel)
    HAL_ADC_ConfigChannel                    0x080008a9   Thumb Code   884  stm32f3xx_hal_adc_ex.o(i.HAL_ADC_ConfigChannel)
    HAL_ADC_ConvCpltCallback                 0x08000c3d   Thumb Code     2  stm32f3xx_hal_adc.o(i.HAL_ADC_ConvCpltCallback)
    HAL_ADC_ConvHalfCpltCallback             0x08000c3f   Thumb Code     2  stm32f3xx_hal_adc.o(i.HAL_ADC_ConvHalfCpltCallback)
    HAL_ADC_ErrorCallback                    0x08000c41   Thumb Code     2  stm32f3xx_hal_adc.o(i.HAL_ADC_ErrorCallback)
    HAL_ADC_Init                             0x08000c45   Thumb Code   550  stm32f3xx_hal_adc_ex.o(i.HAL_ADC_Init)
    HAL_ADC_MspInit                          0x08000e91   Thumb Code   126  stm32f3xx_hal_msp.o(i.HAL_ADC_MspInit)
    HAL_ADC_Start_DMA                        0x08000f1d   Thumb Code   306  stm32f3xx_hal_adc_ex.o(i.HAL_ADC_Start_DMA)
    HAL_DMA_IRQHandler                       0x08001069   Thumb Code   168  stm32f3xx_hal_dma.o(i.HAL_DMA_IRQHandler)
    HAL_DMA_Init                             0x08001111   Thumb Code    78  stm32f3xx_hal_dma.o(i.HAL_DMA_Init)
    HAL_DMA_Start_IT                         0x0800115f   Thumb Code   112  stm32f3xx_hal_dma.o(i.HAL_DMA_Start_IT)
    HAL_GPIO_Init                            0x080011d1   Thumb Code   434  stm32f3xx_hal_gpio.o(i.HAL_GPIO_Init)
    HAL_GetTick                              0x080013a1   Thumb Code     6  stm32f3xx_hal.o(i.HAL_GetTick)
    HAL_IncTick                              0x080013ad   Thumb Code    12  stm32f3xx_hal.o(i.HAL_IncTick)
    HAL_Init                                 0x080013bd   Thumb Code    32  stm32f3xx_hal.o(i.HAL_Init)
    HAL_InitTick                             0x080013e1   Thumb Code    54  stm32f3xx_hal.o(i.HAL_InitTick)
    HAL_MspInit                              0x08001421   Thumb Code    44  stm32f3xx_hal_msp.o(i.HAL_MspInit)
    HAL_NVIC_EnableIRQ                       0x08001451   Thumb Code    26  stm32f3xx_hal_cortex.o(i.HAL_NVIC_EnableIRQ)
    HAL_NVIC_SetPriority                     0x0800146d   Thumb Code    60  stm32f3xx_hal_cortex.o(i.HAL_NVIC_SetPriority)
    HAL_NVIC_SetPriorityGrouping             0x080014ad   Thumb Code    26  stm32f3xx_hal_cortex.o(i.HAL_NVIC_SetPriorityGrouping)
    HAL_PCDEx_PMAConfig                      0x080014d1   Thumb Code    60  stm32f3xx_hal_pcd_ex.o(i.HAL_PCDEx_PMAConfig)
    HAL_PCDEx_SetConnectionState             0x0800150d   Thumb Code     2  usbd_conf.o(i.HAL_PCDEx_SetConnectionState)
    HAL_PCD_DataInStageCallback              0x0800150f   Thumb Code    18  usbd_conf.o(i.HAL_PCD_DataInStageCallback)
    HAL_PCD_DataOutStageCallback             0x08001521   Thumb Code    20  usbd_conf.o(i.HAL_PCD_DataOutStageCallback)
    HAL_PCD_EP_Close                         0x08001535   Thumb Code    76  stm32f3xx_hal_pcd.o(i.HAL_PCD_EP_Close)
    HAL_PCD_EP_ClrStall                      0x08001581   Thumb Code    92  stm32f3xx_hal_pcd.o(i.HAL_PCD_EP_ClrStall)
    HAL_PCD_EP_GetRxCount                    0x080019fb   Thumb Code    18  stm32f3xx_hal_pcd.o(i.HAL_PCD_EP_GetRxCount)
    HAL_PCD_EP_Open                          0x08001a0d   Thumb Code    90  stm32f3xx_hal_pcd.o(i.HAL_PCD_EP_Open)
    HAL_PCD_EP_Receive                       0x08001a67   Thumb Code    46  stm32f3xx_hal_pcd.o(i.HAL_PCD_EP_Receive)
    HAL_PCD_EP_SetStall                      0x08001a95   Thumb Code    96  stm32f3xx_hal_pcd.o(i.HAL_PCD_EP_SetStall)
    HAL_PCD_EP_Transmit                      0x08001af5   Thumb Code    48  stm32f3xx_hal_pcd.o(i.HAL_PCD_EP_Transmit)
    HAL_PCD_IRQHandler                       0x08001b25   Thumb Code   226  stm32f3xx_hal_pcd.o(i.HAL_PCD_IRQHandler)
    HAL_PCD_Init                             0x08001c09   Thumb Code   166  stm32f3xx_hal_pcd.o(i.HAL_PCD_Init)
    HAL_PCD_MspInit                          0x08001cb1   Thumb Code   108  usbd_conf.o(i.HAL_PCD_MspInit)
    HAL_PCD_ResetCallback                    0x08001d25   Thumb Code    38  usbd_conf.o(i.HAL_PCD_ResetCallback)
    HAL_PCD_ResumeCallback                   0x08001d4b   Thumb Code     8  usbd_conf.o(i.HAL_PCD_ResumeCallback)
    HAL_PCD_SOFCallback                      0x08001d53   Thumb Code     8  usbd_conf.o(i.HAL_PCD_SOFCallback)
    HAL_PCD_SetAddress                       0x08001d5b   Thumb Code    40  stm32f3xx_hal_pcd.o(i.HAL_PCD_SetAddress)
    HAL_PCD_SetupStageCallback               0x08001d83   Thumb Code    14  usbd_conf.o(i.HAL_PCD_SetupStageCallback)
    HAL_PCD_Start                            0x08001d91   Thumb Code    50  stm32f3xx_hal_pcd.o(i.HAL_PCD_Start)
    HAL_PCD_SuspendCallback                  0x08001dc5   Thumb Code    30  usbd_conf.o(i.HAL_PCD_SuspendCallback)
    HAL_RCCEx_PeriphCLKConfig                0x08001de9   Thumb Code   522  stm32f3xx_hal_rcc_ex.o(i.HAL_RCCEx_PeriphCLKConfig)
    HAL_RCC_ClockConfig                      0x08002001   Thumb Code   308  stm32f3xx_hal_rcc.o(i.HAL_RCC_ClockConfig)
    HAL_RCC_GetSysClockFreq                  0x08002149   Thumb Code    92  stm32f3xx_hal_rcc.o(i.HAL_RCC_GetSysClockFreq)
    HAL_RCC_OscConfig                        0x080021b5   Thumb Code  1480  stm32f3xx_hal_rcc.o(i.HAL_RCC_OscConfig)
    HAL_SYSTICK_Config                       0x0800277d   Thumb Code    40  stm32f3xx_hal_cortex.o(i.HAL_SYSTICK_Config)
    HAL_TIMEx_Break2Callback                 0x080027a5   Thumb Code     2  stm32f3xx_hal_tim_ex.o(i.HAL_TIMEx_Break2Callback)
    HAL_TIMEx_BreakCallback                  0x080027a7   Thumb Code     2  stm32f3xx_hal_tim_ex.o(i.HAL_TIMEx_BreakCallback)
    HAL_TIMEx_CommutCallback                 0x080027a9   Thumb Code     2  stm32f3xx_hal_tim_ex.o(i.HAL_TIMEx_CommutCallback)
    HAL_TIMEx_MasterConfigSynchronization    0x080027ad   Thumb Code   124  stm32f3xx_hal_tim_ex.o(i.HAL_TIMEx_MasterConfigSynchronization)
    HAL_TIM_Base_Init                        0x0800283d   Thumb Code    98  stm32f3xx_hal_tim.o(i.HAL_TIM_Base_Init)
    HAL_TIM_Base_MspInit                     0x080028a1   Thumb Code    50  stm32f3xx_hal_msp.o(i.HAL_TIM_Base_MspInit)
    HAL_TIM_Base_Start_IT                    0x080028dd   Thumb Code    94  stm32f3xx_hal_tim.o(i.HAL_TIM_Base_Start_IT)
    HAL_TIM_ConfigClockSource                0x08002955   Thumb Code   220  stm32f3xx_hal_tim.o(i.HAL_TIM_ConfigClockSource)
    HAL_TIM_IC_CaptureCallback               0x08002a35   Thumb Code     2  stm32f3xx_hal_tim.o(i.HAL_TIM_IC_CaptureCallback)
    HAL_TIM_IRQHandler                       0x08002a37   Thumb Code   388  stm32f3xx_hal_tim.o(i.HAL_TIM_IRQHandler)
    HAL_TIM_OC_DelayElapsedCallback          0x08002bbb   Thumb Code     2  stm32f3xx_hal_tim.o(i.HAL_TIM_OC_DelayElapsedCallback)
    HAL_TIM_PWM_PulseFinishedCallback        0x08002bbd   Thumb Code     2  stm32f3xx_hal_tim.o(i.HAL_TIM_PWM_PulseFinishedCallback)
    HAL_TIM_PeriodElapsedCallback            0x08002bc1   Thumb Code    50  main.o(i.HAL_TIM_PeriodElapsedCallback)
    HAL_TIM_TriggerCallback                  0x08002bfd   Thumb Code     2  stm32f3xx_hal_tim.o(i.HAL_TIM_TriggerCallback)
    HardFault_Handler                        0x08002bff   Thumb Code     2  stm32f3xx_it.o(i.HardFault_Handler)
    MX_USB_DEVICE_Init                       0x08002d29   Thumb Code    66  usb_device.o(i.MX_USB_DEVICE_Init)
    MemManage_Handler                        0x08002d7d   Thumb Code     2  stm32f3xx_it.o(i.MemManage_Handler)
    NMI_Handler                              0x08002d7f   Thumb Code     2  stm32f3xx_it.o(i.NMI_Handler)
    PendSV_Handler                           0x0800312d   Thumb Code     2  stm32f3xx_it.o(i.PendSV_Handler)
    SVC_Handler                              0x0800312f   Thumb Code     2  stm32f3xx_it.o(i.SVC_Handler)
    SysTick_Handler                          0x08003131   Thumb Code     4  stm32f3xx_it.o(i.SysTick_Handler)
    SystemClock_Config                       0x08003135   Thumb Code   124  main.o(i.SystemClock_Config)
    SystemInit                               0x080031b5   Thumb Code    12  system_stm32f3xx.o(i.SystemInit)
    TIM3_IRQHandler                          0x080031c5   Thumb Code     6  stm32f3xx_it.o(i.TIM3_IRQHandler)
    TIM_Base_SetConfig                       0x080031d1   Thumb Code   146  stm32f3xx_hal_tim.o(i.TIM_Base_SetConfig)
    TIM_ETR_SetConfig                        0x08003281   Thumb Code    20  stm32f3xx_hal_tim.o(i.TIM_ETR_SetConfig)
    USBD_CDC_GetDeviceQualifierDescriptor    0x080033c9   Thumb Code     8  usbd_cdc.o(i.USBD_CDC_GetDeviceQualifierDescriptor)
    USBD_CDC_ReceivePacket                   0x0800348d   Thumb Code    40  usbd_cdc.o(i.USBD_CDC_ReceivePacket)
    USBD_CDC_RegisterInterface               0x080034b5   Thumb Code    16  usbd_cdc.o(i.USBD_CDC_RegisterInterface)
    USBD_CDC_SetRxBuffer                     0x080034c5   Thumb Code    12  usbd_cdc.o(i.USBD_CDC_SetRxBuffer)
    USBD_CDC_SetTxBuffer                     0x080034d1   Thumb Code    16  usbd_cdc.o(i.USBD_CDC_SetTxBuffer)
    USBD_CDC_TransmitPacket                  0x0800358d   Thumb Code    54  usbd_cdc.o(i.USBD_CDC_TransmitPacket)
    USBD_ClrClassConfig                      0x080035c3   Thumb Code    14  usbd_core.o(i.USBD_ClrClassConfig)
    USBD_CtlContinueRx                       0x080035d1   Thumb Code    16  usbd_ioreq.o(i.USBD_CtlContinueRx)
    USBD_CtlContinueSendData                 0x080035e1   Thumb Code    16  usbd_ioreq.o(i.USBD_CtlContinueSendData)
    USBD_CtlError                            0x080035f1   Thumb Code    22  usbd_ctlreq.o(i.USBD_CtlError)
    USBD_CtlPrepareRx                        0x08003607   Thumb Code    30  usbd_ioreq.o(i.USBD_CtlPrepareRx)
    USBD_CtlReceiveStatus                    0x08003625   Thumb Code    22  usbd_ioreq.o(i.USBD_CtlReceiveStatus)
    USBD_CtlSendData                         0x0800363b   Thumb Code    26  usbd_ioreq.o(i.USBD_CtlSendData)
    USBD_CtlSendStatus                       0x08003655   Thumb Code    22  usbd_ioreq.o(i.USBD_CtlSendStatus)
    USBD_FS_ConfigStrDescriptor              0x0800366d   Thumb Code    16  usbd_desc.o(i.USBD_FS_ConfigStrDescriptor)
    USBD_FS_DeviceDescriptor                 0x0800368d   Thumb Code     8  usbd_desc.o(i.USBD_FS_DeviceDescriptor)
    USBD_FS_InterfaceStrDescriptor           0x08003699   Thumb Code    16  usbd_desc.o(i.USBD_FS_InterfaceStrDescriptor)
    USBD_FS_LangIDStrDescriptor              0x080036bd   Thumb Code     8  usbd_desc.o(i.USBD_FS_LangIDStrDescriptor)
    USBD_FS_ManufacturerStrDescriptor        0x080036c9   Thumb Code    16  usbd_desc.o(i.USBD_FS_ManufacturerStrDescriptor)
    USBD_FS_ProductStrDescriptor             0x080036f1   Thumb Code    16  usbd_desc.o(i.USBD_FS_ProductStrDescriptor)
    USBD_FS_SerialStrDescriptor              0x0800371d   Thumb Code    48  usbd_desc.o(i.USBD_FS_SerialStrDescriptor)
    USBD_GetString                           0x0800383d   Thumb Code    72  usbd_ctlreq.o(i.USBD_GetString)
    USBD_Init                                0x0800389d   Thumb Code    42  usbd_core.o(i.USBD_Init)
    USBD_LL_ClearStallEP                     0x080038c7   Thumb Code    18  usbd_conf.o(i.USBD_LL_ClearStallEP)
    USBD_LL_CloseEP                          0x080038d9   Thumb Code    18  usbd_conf.o(i.USBD_LL_CloseEP)
    USBD_LL_DataInStage                      0x080038eb   Thumb Code   198  usbd_core.o(i.USBD_LL_DataInStage)
    USBD_LL_DataOutStage                     0x080039b1   Thumb Code   130  usbd_core.o(i.USBD_LL_DataOutStage)
    USBD_LL_GetRxDataSize                    0x08003a33   Thumb Code     8  usbd_conf.o(i.USBD_LL_GetRxDataSize)
    USBD_LL_Init                             0x08003a3d   Thumb Code   118  usbd_conf.o(i.USBD_LL_Init)
    USBD_LL_IsStallEP                        0x08003abd   Thumb Code    32  usbd_conf.o(i.USBD_LL_IsStallEP)
    USBD_LL_OpenEP                           0x08003add   Thumb Code    24  usbd_conf.o(i.USBD_LL_OpenEP)
    USBD_LL_PrepareReceive                   0x08003af5   Thumb Code    18  usbd_conf.o(i.USBD_LL_PrepareReceive)
    USBD_LL_Reset                            0x08003b07   Thumb Code    80  usbd_core.o(i.USBD_LL_Reset)
    USBD_LL_Resume                           0x08003b57   Thumb Code    20  usbd_core.o(i.USBD_LL_Resume)
    USBD_LL_SOF                              0x08003b6b   Thumb Code    24  usbd_core.o(i.USBD_LL_SOF)
    USBD_LL_SetSpeed                         0x08003b83   Thumb Code     6  usbd_core.o(i.USBD_LL_SetSpeed)
    USBD_LL_SetUSBAddress                    0x08003b89   Thumb Code    18  usbd_conf.o(i.USBD_LL_SetUSBAddress)
    USBD_LL_SetupStage                       0x08003b9b   Thumb Code    90  usbd_core.o(i.USBD_LL_SetupStage)
    USBD_LL_StallEP                          0x08003bf5   Thumb Code    18  usbd_conf.o(i.USBD_LL_StallEP)
    USBD_LL_Start                            0x08003c07   Thumb Code    18  usbd_conf.o(i.USBD_LL_Start)
    USBD_LL_Suspend                          0x08003c19   Thumb Code    18  usbd_core.o(i.USBD_LL_Suspend)
    USBD_LL_Transmit                         0x08003c2b   Thumb Code    18  usbd_conf.o(i.USBD_LL_Transmit)
    USBD_ParseSetupRequest                   0x08003c3d   Thumb Code    40  usbd_ctlreq.o(i.USBD_ParseSetupRequest)
    USBD_RegisterClass                       0x08003c65   Thumb Code    16  usbd_core.o(i.USBD_RegisterClass)
    USBD_SetClassConfig                      0x08003c75   Thumb Code    22  usbd_core.o(i.USBD_SetClassConfig)
    USBD_Start                               0x08003d11   Thumb Code    10  usbd_core.o(i.USBD_Start)
    USBD_StdDevReq                           0x08003d1b   Thumb Code   274  usbd_ctlreq.o(i.USBD_StdDevReq)
    USBD_StdEPReq                            0x08003e2d   Thumb Code   336  usbd_ctlreq.o(i.USBD_StdEPReq)
    USBD_StdItfReq                           0x08003f7d   Thumb Code    78  usbd_ctlreq.o(i.USBD_StdItfReq)
    USBD_static_free                         0x08003fcb   Thumb Code     2  usbd_conf.o(i.USBD_static_free)
    USBD_static_malloc                       0x08003fcd   Thumb Code     4  usbd_conf.o(i.USBD_static_malloc)
    USB_ActivateEndpoint                     0x08003fd5   Thumb Code   668  stm32f3xx_ll_usb.o(i.USB_ActivateEndpoint)
    USB_DeactivateEndpoint                   0x08004271   Thumb Code   270  stm32f3xx_ll_usb.o(i.USB_DeactivateEndpoint)
    USB_DevConnect                           0x0800437f   Thumb Code     4  stm32f3xx_ll_usb.o(i.USB_DevConnect)
    USB_DevInit                              0x08004383   Thumb Code    18  stm32f3xx_ll_usb.o(i.USB_DevInit)
    USB_DisableGlobalInt                     0x08004395   Thumb Code    14  stm32f3xx_ll_usb.o(i.USB_DisableGlobalInt)
    USB_EPClearStall                         0x080043a3   Thumb Code   120  stm32f3xx_ll_usb.o(i.USB_EPClearStall)
    USB_EPSetStall                           0x0800441b   Thumb Code    50  stm32f3xx_ll_usb.o(i.USB_EPSetStall)
    USB_EPStartXfer                          0x0800444d   Thumb Code  1250  stm32f3xx_ll_usb.o(i.USB_EPStartXfer)
    USB_EnableGlobalInt                      0x0800492f   Thumb Code    18  stm32f3xx_ll_usb.o(i.USB_EnableGlobalInt)
    USB_LP_CAN_RX0_IRQHandler                0x08004941   Thumb Code     6  stm32f3xx_it.o(i.USB_LP_CAN_RX0_IRQHandler)
    USB_ReadInterrupts                       0x0800494d   Thumb Code     6  stm32f3xx_ll_usb.o(i.USB_ReadInterrupts)
    USB_ReadPMA                              0x08004955   Thumb Code    44  stm32f3xx_ll_usb.o(i.USB_ReadPMA)
    USB_SetDevAddress                        0x08004981   Thumb Code    12  stm32f3xx_ll_usb.o(i.USB_SetDevAddress)
    USB_WritePMA                             0x0800498d   Thumb Code    38  stm32f3xx_ll_usb.o(i.USB_WritePMA)
    UsageFault_Handler                       0x080049b3   Thumb Code     2  stm32f3xx_it.o(i.UsageFault_Handler)
    main                                     0x080049d5   Thumb Code   108  main.o(i.main)
    _fp_init                                 0x08004a4d   Thumb Code    10  fpinit.o(x$fpl$fpinit)
    __fplib_config_fpu_vfp                   0x08004a55   Thumb Code     0  fpinit.o(x$fpl$fpinit)
    __fplib_config_pureend_doubles           0x08004a55   Thumb Code     0  fpinit.o(x$fpl$fpinit)
    AHBPrescTable                            0x08004a76   Data          16  system_stm32f3xx.o(.constdata)
    Region$$Table$$Base                      0x08004a88   Number         0  anon$$obj.o(Region$$Table)
    Region$$Table$$Limit                     0x08004aa8   Number         0  anon$$obj.o(Region$$Table)
    datos                                    0x20000000   Data           2  main.o(.data)
    adc                                      0x20000004   Data           4  main.o(.data)
    FS_Desc                                  0x20000008   Data          28  usbd_desc.o(.data)
    USBD_LangIDDesc                          0x20000024   Data           4  usbd_desc.o(.data)
    USBD_FS_DeviceDesc                       0x20000028   Data          18  usbd_desc.o(.data)
    USBD_StringSerial                        0x2000003c   Data          26  usbd_desc.o(.data)
    USBD_Interface_fops_FS                   0x20000058   Data          16  usbd_cdc_if.o(.data)
    uwTickFreq                               0x20000068   Data           1  stm32f3xx_hal.o(.data)
    uwTickPrio                               0x2000006c   Data           4  stm32f3xx_hal.o(.data)
    uwTick                                   0x20000070   Data           4  stm32f3xx_hal.o(.data)
    SystemCoreClock                          0x20000074   Data           4  system_stm32f3xx.o(.data)
    USBD_CDC_CfgHSDesc                       0x20000088   Data          67  usbd_cdc.o(.data)
    USBD_CDC_CfgFSDesc                       0x200000cc   Data          67  usbd_cdc.o(.data)
    USBD_CDC_OtherSpeedCfgDesc               0x20000110   Data          67  usbd_cdc.o(.data)
    USBD_CDC                                 0x20000154   Data          56  usbd_cdc.o(.data)
    hadc1                                    0x2000018c   Data          80  main.o(.bss)
    htim3                                    0x200001dc   Data          76  main.o(.bss)
    hdma_adc1                                0x20000228   Data          68  main.o(.bss)
    hUsbDeviceFS                             0x2000026c   Data         708  usb_device.o(.bss)
    USBD_StrDesc                             0x20000530   Data         512  usbd_desc.o(.bss)
    UserRxBufferFS                           0x20000730   Data        1000  usbd_cdc_if.o(.bss)
    UserTxBufferFS                           0x20000b18   Data        1000  usbd_cdc_if.o(.bss)
    hpcd_USB_FS                              0x20001120   Data         748  usbd_conf.o(.bss)
    __libspace_start                         0x2000140c   Data          96  libspace.o(.bss)
    __temporary_stack_top$libspace           0x2000146c   Data           0  libspace.o(.bss)



==============================================================================

Memory Map of the image

  Image Entry point : 0x08000189

  Load Region LR_IROM1 (Base: 0x08000000, Size: 0x00004c34, Max: 0x00040000, ABSOLUTE, COMPRESSED[0x00004b68])

    Execution Region ER_IROM1 (Exec base: 0x08000000, Load base: 0x08000000, Size: 0x00004aa8, Max: 0x00040000, ABSOLUTE)

    Exec Addr    Load Addr    Size         Type   Attr      Idx    E Section Name        Object

    0x08000000   0x08000000   0x00000188   Data   RO            3    RESET               startup_stm32f303xc.o
    0x08000188   0x08000188   0x00000008   Code   RO         4543  * !!!main             c_w.l(__main.o)
    0x08000190   0x08000190   0x00000034   Code   RO         4714    !!!scatter          c_w.l(__scatter.o)
    0x080001c4   0x080001c4   0x0000005a   Code   RO         4712    !!dczerorl2         c_w.l(__dczerorl2.o)
    0x0800021e   0x0800021e   0x00000002   PAD
    0x08000220   0x08000220   0x0000001c   Code   RO         4716    !!handler_zi        c_w.l(__scatter_zi.o)
    0x0800023c   0x0800023c   0x00000002   Code   RO         4580    .ARM.Collect$$libinit$$00000000  c_w.l(libinit.o)
    0x0800023e   0x0800023e   0x00000004   Code   RO         4592    .ARM.Collect$$libinit$$00000001  c_w.l(libinit2.o)
    0x08000242   0x08000242   0x00000000   Code   RO         4595    .ARM.Collect$$libinit$$00000004  c_w.l(libinit2.o)
    0x08000242   0x08000242   0x00000000   Code   RO         4598    .ARM.Collect$$libinit$$0000000A  c_w.l(libinit2.o)
    0x08000242   0x08000242   0x00000000   Code   RO         4600    .ARM.Collect$$libinit$$0000000C  c_w.l(libinit2.o)
    0x08000242   0x08000242   0x00000000   Code   RO         4602    .ARM.Collect$$libinit$$0000000E  c_w.l(libinit2.o)
    0x08000242   0x08000242   0x00000000   Code   RO         4605    .ARM.Collect$$libinit$$00000011  c_w.l(libinit2.o)
    0x08000242   0x08000242   0x00000000   Code   RO         4607    .ARM.Collect$$libinit$$00000013  c_w.l(libinit2.o)
    0x08000242   0x08000242   0x00000000   Code   RO         4609    .ARM.Collect$$libinit$$00000015  c_w.l(libinit2.o)
    0x08000242   0x08000242   0x00000000   Code   RO         4611    .ARM.Collect$$libinit$$00000017  c_w.l(libinit2.o)
    0x08000242   0x08000242   0x00000000   Code   RO         4613    .ARM.Collect$$libinit$$00000019  c_w.l(libinit2.o)
    0x08000242   0x08000242   0x00000000   Code   RO         4615    .ARM.Collect$$libinit$$0000001B  c_w.l(libinit2.o)
    0x08000242   0x08000242   0x00000000   Code   RO         4617    .ARM.Collect$$libinit$$0000001D  c_w.l(libinit2.o)
    0x08000242   0x08000242   0x00000000   Code   RO         4619    .ARM.Collect$$libinit$$0000001F  c_w.l(libinit2.o)
    0x08000242   0x08000242   0x00000000   Code   RO         4621    .ARM.Collect$$libinit$$00000021  c_w.l(libinit2.o)
    0x08000242   0x08000242   0x00000000   Code   RO         4623    .ARM.Collect$$libinit$$00000023  c_w.l(libinit2.o)
    0x08000242   0x08000242   0x00000000   Code   RO         4625    .ARM.Collect$$libinit$$00000025  c_w.l(libinit2.o)
    0x08000242   0x08000242   0x00000000   Code   RO         4629    .ARM.Collect$$libinit$$0000002C  c_w.l(libinit2.o)
    0x08000242   0x08000242   0x00000000   Code   RO         4631    .ARM.Collect$$libinit$$0000002E  c_w.l(libinit2.o)
    0x08000242   0x08000242   0x00000000   Code   RO         4633    .ARM.Collect$$libinit$$00000030  c_w.l(libinit2.o)
    0x08000242   0x08000242   0x00000000   Code   RO         4635    .ARM.Collect$$libinit$$00000032  c_w.l(libinit2.o)
    0x08000242   0x08000242   0x00000002   Code   RO         4636    .ARM.Collect$$libinit$$00000033  c_w.l(libinit2.o)
    0x08000244   0x08000244   0x00000002   Code   RO         4667    .ARM.Collect$$libshutdown$$00000000  c_w.l(libshutdown.o)
    0x08000246   0x08000246   0x00000000   Code   RO         4693    .ARM.Collect$$libshutdown$$00000002  c_w.l(libshutdown2.o)
    0x08000246   0x08000246   0x00000000   Code   RO         4695    .ARM.Collect$$libshutdown$$00000004  c_w.l(libshutdown2.o)
    0x08000246   0x08000246   0x00000000   Code   RO         4697    .ARM.Collect$$libshutdown$$00000006  c_w.l(libshutdown2.o)
    0x08000246   0x08000246   0x00000000   Code   RO         4700    .ARM.Collect$$libshutdown$$00000009  c_w.l(libshutdown2.o)
    0x08000246   0x08000246   0x00000000   Code   RO         4703    .ARM.Collect$$libshutdown$$0000000C  c_w.l(libshutdown2.o)
    0x08000246   0x08000246   0x00000000   Code   RO         4705    .ARM.Collect$$libshutdown$$0000000E  c_w.l(libshutdown2.o)
    0x08000246   0x08000246   0x00000000   Code   RO         4708    .ARM.Collect$$libshutdown$$00000011  c_w.l(libshutdown2.o)
    0x08000246   0x08000246   0x00000002   Code   RO         4709    .ARM.Collect$$libshutdown$$00000012  c_w.l(libshutdown2.o)
    0x08000248   0x08000248   0x00000000   Code   RO         4545    .ARM.Collect$$rtentry$$00000000  c_w.l(__rtentry.o)
    0x08000248   0x08000248   0x00000000   Code   RO         4551    .ARM.Collect$$rtentry$$00000002  c_w.l(__rtentry2.o)
    0x08000248   0x08000248   0x00000006   Code   RO         4563    .ARM.Collect$$rtentry$$00000004  c_w.l(__rtentry4.o)
    0x0800024e   0x0800024e   0x00000000   Code   RO         4553    .ARM.Collect$$rtentry$$00000009  c_w.l(__rtentry2.o)
    0x0800024e   0x0800024e   0x00000004   Code   RO         4554    .ARM.Collect$$rtentry$$0000000A  c_w.l(__rtentry2.o)
    0x08000252   0x08000252   0x00000000   Code   RO         4556    .ARM.Collect$$rtentry$$0000000C  c_w.l(__rtentry2.o)
    0x08000252   0x08000252   0x00000008   Code   RO         4557    .ARM.Collect$$rtentry$$0000000D  c_w.l(__rtentry2.o)
    0x0800025a   0x0800025a   0x00000002   Code   RO         4584    .ARM.Collect$$rtexit$$00000000  c_w.l(rtexit.o)
    0x0800025c   0x0800025c   0x00000000   Code   RO         4640    .ARM.Collect$$rtexit$$00000002  c_w.l(rtexit2.o)
    0x0800025c   0x0800025c   0x00000004   Code   RO         4641    .ARM.Collect$$rtexit$$00000003  c_w.l(rtexit2.o)
    0x08000260   0x08000260   0x00000006   Code   RO         4642    .ARM.Collect$$rtexit$$00000004  c_w.l(rtexit2.o)
    0x08000266   0x08000266   0x00000002   PAD
    0x08000268   0x08000268   0x00000040   Code   RO            4    .text               startup_stm32f303xc.o
    0x080002a8   0x080002a8   0x000000ee   Code   RO         4531    .text               c_w.l(lludivv7m.o)
    0x08000396   0x08000396   0x0000008a   Code   RO         4535    .text               c_w.l(rt_memcpy_v6.o)
    0x08000420   0x08000420   0x00000064   Code   RO         4537    .text               c_w.l(rt_memcpy_w.o)
    0x08000484   0x08000484   0x0000004e   Code   RO         4539    .text               c_w.l(rt_memclr_w.o)
    0x080004d2   0x080004d2   0x00000006   Code   RO         4541    .text               c_w.l(heapauxi.o)
    0x080004d8   0x080004d8   0x0000004a   Code   RO         4567    .text               c_w.l(sys_stackheap_outer.o)
    0x08000522   0x08000522   0x00000012   Code   RO         4569    .text               c_w.l(exit.o)
    0x08000534   0x08000534   0x00000008   Code   RO         4581    .text               c_w.l(libspace.o)
    0x0800053c   0x0800053c   0x0000000c   Code   RO         4637    .text               c_w.l(sys_exit.o)
    0x08000548   0x08000548   0x00000002   Code   RO         4656    .text               c_w.l(use_no_semi.o)
    0x0800054a   0x0800054a   0x00000000   Code   RO         4658    .text               c_w.l(indicate_semi.o)
    0x0800054a   0x0800054a   0x00000044   Code   RO         2867    i.ADC_DMAConvCplt   stm32f3xx_hal_adc_ex.o
    0x0800058e   0x0800058e   0x00000016   Code   RO         2868    i.ADC_DMAError      stm32f3xx_hal_adc_ex.o
    0x080005a4   0x080005a4   0x00000006   Code   RO         2869    i.ADC_DMAHalfConvCplt  stm32f3xx_hal_adc_ex.o
    0x080005aa   0x080005aa   0x00000002   PAD
    0x080005ac   0x080005ac   0x0000006a   Code   RO         2870    i.ADC_Disable       stm32f3xx_hal_adc_ex.o
    0x08000616   0x08000616   0x00000002   PAD
    0x08000618   0x08000618   0x0000006c   Code   RO         2871    i.ADC_Enable        stm32f3xx_hal_adc_ex.o
    0x08000684   0x08000684   0x00000002   Code   RO          224    i.BusFault_Handler  stm32f3xx_it.o
    0x08000686   0x08000686   0x00000004   Code   RO          484    i.CDC_Control_FS    usbd_cdc_if.o
    0x0800068a   0x0800068a   0x00000004   Code   RO          485    i.CDC_DeInit_FS     usbd_cdc_if.o
    0x0800068e   0x0800068e   0x00000002   PAD
    0x08000690   0x08000690   0x00000024   Code   RO          486    i.CDC_Init_FS       usbd_cdc_if.o
    0x080006b4   0x080006b4   0x00000002   Code   RO           13    i.CDC_ReceiveCallBack  main.o
    0x080006b6   0x080006b6   0x00000002   PAD
    0x080006b8   0x080006b8   0x00000024   Code   RO          488    i.CDC_Receive_FS    usbd_cdc_if.o
    0x080006dc   0x080006dc   0x0000003c   Code   RO          489    i.CDC_Transmit_FS   usbd_cdc_if.o
    0x08000718   0x08000718   0x0000000c   Code   RO          225    i.DMA1_Channel1_IRQHandler  stm32f3xx_it.o
    0x08000724   0x08000724   0x0000003c   Code   RO         1557    i.DMA_CalcBaseAndBitshift  stm32f3xx_hal_dma.o
    0x08000760   0x08000760   0x0000002a   Code   RO         1558    i.DMA_SetConfig     stm32f3xx_hal_dma.o
    0x0800078a   0x0800078a   0x00000002   Code   RO          226    i.DebugMon_Handler  stm32f3xx_it.o
    0x0800078c   0x0800078c   0x00000004   Code   RO           14    i.Error_Handler     main.o
    0x08000790   0x08000790   0x00000118   Code   RO         2886    i.HAL_ADCEx_MultiModeConfigChannel  stm32f3xx_hal_adc_ex.o
    0x080008a8   0x080008a8   0x00000394   Code   RO         2895    i.HAL_ADC_ConfigChannel  stm32f3xx_hal_adc_ex.o
    0x08000c3c   0x08000c3c   0x00000002   Code   RO         2718    i.HAL_ADC_ConvCpltCallback  stm32f3xx_hal_adc.o
    0x08000c3e   0x08000c3e   0x00000002   Code   RO         2719    i.HAL_ADC_ConvHalfCpltCallback  stm32f3xx_hal_adc.o
    0x08000c40   0x08000c40   0x00000002   Code   RO         2721    i.HAL_ADC_ErrorCallback  stm32f3xx_hal_adc.o
    0x08000c42   0x08000c42   0x00000002   PAD
    0x08000c44   0x08000c44   0x0000024c   Code   RO         2899    i.HAL_ADC_Init      stm32f3xx_hal_adc_ex.o
    0x08000e90   0x08000e90   0x0000008c   Code   RO          319    i.HAL_ADC_MspInit   stm32f3xx_hal_msp.o
    0x08000f1c   0x08000f1c   0x0000014c   Code   RO         2903    i.HAL_ADC_Start_DMA  stm32f3xx_hal_adc_ex.o
    0x08001068   0x08001068   0x000000a8   Code   RO         1564    i.HAL_DMA_IRQHandler  stm32f3xx_hal_dma.o
    0x08001110   0x08001110   0x0000004e   Code   RO         1565    i.HAL_DMA_Init      stm32f3xx_hal_dma.o
    0x0800115e   0x0800115e   0x00000070   Code   RO         1569    i.HAL_DMA_Start_IT  stm32f3xx_hal_dma.o
    0x080011ce   0x080011ce   0x00000002   PAD
    0x080011d0   0x080011d0   0x000001d0   Code   RO         1494    i.HAL_GPIO_Init     stm32f3xx_hal_gpio.o
    0x080013a0   0x080013a0   0x0000000c   Code   RO         1182    i.HAL_GetTick       stm32f3xx_hal.o
    0x080013ac   0x080013ac   0x00000010   Code   RO         1188    i.HAL_IncTick       stm32f3xx_hal.o
    0x080013bc   0x080013bc   0x00000024   Code   RO         1189    i.HAL_Init          stm32f3xx_hal.o
    0x080013e0   0x080013e0   0x00000040   Code   RO         1190    i.HAL_InitTick      stm32f3xx_hal.o
    0x08001420   0x08001420   0x00000030   Code   RO          320    i.HAL_MspInit       stm32f3xx_hal_msp.o
    0x08001450   0x08001450   0x0000001a   Code   RO         1662    i.HAL_NVIC_EnableIRQ  stm32f3xx_hal_cortex.o
    0x0800146a   0x0800146a   0x00000002   PAD
    0x0800146c   0x0800146c   0x00000040   Code   RO         1668    i.HAL_NVIC_SetPriority  stm32f3xx_hal_cortex.o
    0x080014ac   0x080014ac   0x00000024   Code   RO         1669    i.HAL_NVIC_SetPriorityGrouping  stm32f3xx_hal_cortex.o
    0x080014d0   0x080014d0   0x0000003c   Code   RO         1131    i.HAL_PCDEx_PMAConfig  stm32f3xx_hal_pcd_ex.o
    0x0800150c   0x0800150c   0x00000002   Code   RO          542    i.HAL_PCDEx_SetConnectionState  usbd_conf.o
    0x0800150e   0x0800150e   0x00000012   Code   RO          544    i.HAL_PCD_DataInStageCallback  usbd_conf.o
    0x08001520   0x08001520   0x00000014   Code   RO          545    i.HAL_PCD_DataOutStageCallback  usbd_conf.o
    0x08001534   0x08001534   0x0000004c   Code   RO          902    i.HAL_PCD_EP_Close  stm32f3xx_hal_pcd.o
    0x08001580   0x08001580   0x0000005c   Code   RO          903    i.HAL_PCD_EP_ClrStall  stm32f3xx_hal_pcd.o
    0x080015dc   0x080015dc   0x000000e6   Code   RO          904    i.HAL_PCD_EP_DB_Receive  stm32f3xx_hal_pcd.o
    0x080016c2   0x080016c2   0x00000338   Code   RO          905    i.HAL_PCD_EP_DB_Transmit  stm32f3xx_hal_pcd.o
    0x080019fa   0x080019fa   0x00000012   Code   RO          907    i.HAL_PCD_EP_GetRxCount  stm32f3xx_hal_pcd.o
    0x08001a0c   0x08001a0c   0x0000005a   Code   RO          908    i.HAL_PCD_EP_Open   stm32f3xx_hal_pcd.o
    0x08001a66   0x08001a66   0x0000002e   Code   RO          909    i.HAL_PCD_EP_Receive  stm32f3xx_hal_pcd.o
    0x08001a94   0x08001a94   0x00000060   Code   RO          910    i.HAL_PCD_EP_SetStall  stm32f3xx_hal_pcd.o
    0x08001af4   0x08001af4   0x00000030   Code   RO          911    i.HAL_PCD_EP_Transmit  stm32f3xx_hal_pcd.o
    0x08001b24   0x08001b24   0x000000e2   Code   RO          913    i.HAL_PCD_IRQHandler  stm32f3xx_hal_pcd.o
    0x08001c06   0x08001c06   0x00000002   PAD
    0x08001c08   0x08001c08   0x000000a6   Code   RO          916    i.HAL_PCD_Init      stm32f3xx_hal_pcd.o
    0x08001cae   0x08001cae   0x00000002   PAD
    0x08001cb0   0x08001cb0   0x00000074   Code   RO          550    i.HAL_PCD_MspInit   usbd_conf.o
    0x08001d24   0x08001d24   0x00000026   Code   RO          551    i.HAL_PCD_ResetCallback  usbd_conf.o
    0x08001d4a   0x08001d4a   0x00000008   Code   RO          552    i.HAL_PCD_ResumeCallback  usbd_conf.o
    0x08001d52   0x08001d52   0x00000008   Code   RO          553    i.HAL_PCD_SOFCallback  usbd_conf.o
    0x08001d5a   0x08001d5a   0x00000028   Code   RO          922    i.HAL_PCD_SetAddress  stm32f3xx_hal_pcd.o
    0x08001d82   0x08001d82   0x0000000e   Code   RO          554    i.HAL_PCD_SetupStageCallback  usbd_conf.o
    0x08001d90   0x08001d90   0x00000032   Code   RO          924    i.HAL_PCD_Start     stm32f3xx_hal_pcd.o
    0x08001dc2   0x08001dc2   0x00000002   PAD
    0x08001dc4   0x08001dc4   0x00000024   Code   RO          555    i.HAL_PCD_SuspendCallback  usbd_conf.o
    0x08001de8   0x08001de8   0x00000218   Code   RO         1451    i.HAL_RCCEx_PeriphCLKConfig  stm32f3xx_hal_rcc_ex.o
    0x08002000   0x08002000   0x00000148   Code   RO         1346    i.HAL_RCC_ClockConfig  stm32f3xx_hal_rcc.o
    0x08002148   0x08002148   0x0000006c   Code   RO         1355    i.HAL_RCC_GetSysClockFreq  stm32f3xx_hal_rcc.o
    0x080021b4   0x080021b4   0x000005c8   Code   RO         1358    i.HAL_RCC_OscConfig  stm32f3xx_hal_rcc.o
    0x0800277c   0x0800277c   0x00000028   Code   RO         1673    i.HAL_SYSTICK_Config  stm32f3xx_hal_cortex.o
    0x080027a4   0x080027a4   0x00000002   Code   RO         3846    i.HAL_TIMEx_Break2Callback  stm32f3xx_hal_tim_ex.o
    0x080027a6   0x080027a6   0x00000002   Code   RO         3847    i.HAL_TIMEx_BreakCallback  stm32f3xx_hal_tim_ex.o
    0x080027a8   0x080027a8   0x00000002   Code   RO         3848    i.HAL_TIMEx_CommutCallback  stm32f3xx_hal_tim_ex.o
    0x080027aa   0x080027aa   0x00000002   PAD
    0x080027ac   0x080027ac   0x00000090   Code   RO         3867    i.HAL_TIMEx_MasterConfigSynchronization  stm32f3xx_hal_tim_ex.o
    0x0800283c   0x0800283c   0x00000062   Code   RO         3132    i.HAL_TIM_Base_Init  stm32f3xx_hal_tim.o
    0x0800289e   0x0800289e   0x00000002   PAD
    0x080028a0   0x080028a0   0x0000003c   Code   RO          322    i.HAL_TIM_Base_MspInit  stm32f3xx_hal_msp.o
    0x080028dc   0x080028dc   0x00000078   Code   RO         3137    i.HAL_TIM_Base_Start_IT  stm32f3xx_hal_tim.o
    0x08002954   0x08002954   0x000000e0   Code   RO         3141    i.HAL_TIM_ConfigClockSource  stm32f3xx_hal_tim.o
    0x08002a34   0x08002a34   0x00000002   Code   RO         3166    i.HAL_TIM_IC_CaptureCallback  stm32f3xx_hal_tim.o
    0x08002a36   0x08002a36   0x00000184   Code   RO         3180    i.HAL_TIM_IRQHandler  stm32f3xx_hal_tim.o
    0x08002bba   0x08002bba   0x00000002   Code   RO         3183    i.HAL_TIM_OC_DelayElapsedCallback  stm32f3xx_hal_tim.o
    0x08002bbc   0x08002bbc   0x00000002   Code   RO         3210    i.HAL_TIM_PWM_PulseFinishedCallback  stm32f3xx_hal_tim.o
    0x08002bbe   0x08002bbe   0x00000002   PAD
    0x08002bc0   0x08002bc0   0x0000003c   Code   RO           15    i.HAL_TIM_PeriodElapsedCallback  main.o
    0x08002bfc   0x08002bfc   0x00000002   Code   RO         3223    i.HAL_TIM_TriggerCallback  stm32f3xx_hal_tim.o
    0x08002bfe   0x08002bfe   0x00000002   Code   RO          227    i.HardFault_Handler  stm32f3xx_it.o
    0x08002c00   0x08002c00   0x00000038   Code   RO          398    i.IntToUnicode      usbd_desc.o
    0x08002c38   0x08002c38   0x00000084   Code   RO           16    i.MX_ADC1_Init      main.o
    0x08002cbc   0x08002cbc   0x0000006c   Code   RO           17    i.MX_TIM3_Init      main.o
    0x08002d28   0x08002d28   0x00000054   Code   RO          367    i.MX_USB_DEVICE_Init  usb_device.o
    0x08002d7c   0x08002d7c   0x00000002   Code   RO          228    i.MemManage_Handler  stm32f3xx_it.o
    0x08002d7e   0x08002d7e   0x00000002   Code   RO          229    i.NMI_Handler       stm32f3xx_it.o
    0x08002d80   0x08002d80   0x000003ac   Code   RO          928    i.PCD_EP_ISR_Handler  stm32f3xx_hal_pcd.o
    0x0800312c   0x0800312c   0x00000002   Code   RO          230    i.PendSV_Handler    stm32f3xx_it.o
    0x0800312e   0x0800312e   0x00000002   Code   RO          231    i.SVC_Handler       stm32f3xx_it.o
    0x08003130   0x08003130   0x00000004   Code   RO          232    i.SysTick_Handler   stm32f3xx_it.o
    0x08003134   0x08003134   0x00000080   Code   RO           18    i.SystemClock_Config  main.o
    0x080031b4   0x080031b4   0x00000010   Code   RO         4126    i.SystemInit        system_stm32f3xx.o
    0x080031c4   0x080031c4   0x0000000c   Code   RO          233    i.TIM3_IRQHandler   stm32f3xx_it.o
    0x080031d0   0x080031d0   0x000000b0   Code   RO         3225    i.TIM_Base_SetConfig  stm32f3xx_hal_tim.o
    0x08003280   0x08003280   0x00000014   Code   RO         3236    i.TIM_ETR_SetConfig  stm32f3xx_hal_tim.o
    0x08003294   0x08003294   0x00000010   Code   RO         3237    i.TIM_ITRx_SetConfig  stm32f3xx_hal_tim.o
    0x080032a4   0x080032a4   0x00000022   Code   RO         3245    i.TIM_TI1_ConfigInputStage  stm32f3xx_hal_tim.o
    0x080032c6   0x080032c6   0x00000024   Code   RO         3247    i.TIM_TI2_ConfigInputStage  stm32f3xx_hal_tim.o
    0x080032ea   0x080032ea   0x00000046   Code   RO         4426    i.USBD_CDC_DataIn   usbd_cdc.o
    0x08003330   0x08003330   0x0000002e   Code   RO         4427    i.USBD_CDC_DataOut  usbd_cdc.o
    0x0800335e   0x0800335e   0x00000044   Code   RO         4428    i.USBD_CDC_DeInit   usbd_cdc.o
    0x080033a2   0x080033a2   0x00000024   Code   RO         4429    i.USBD_CDC_EP0_RxReady  usbd_cdc.o
    0x080033c6   0x080033c6   0x00000002   PAD
    0x080033c8   0x080033c8   0x0000000c   Code   RO         4430    i.USBD_CDC_GetDeviceQualifierDescriptor  usbd_cdc.o
    0x080033d4   0x080033d4   0x0000000c   Code   RO         4431    i.USBD_CDC_GetFSCfgDesc  usbd_cdc.o
    0x080033e0   0x080033e0   0x0000000c   Code   RO         4432    i.USBD_CDC_GetHSCfgDesc  usbd_cdc.o
    0x080033ec   0x080033ec   0x0000000c   Code   RO         4433    i.USBD_CDC_GetOtherSpeedCfgDesc  usbd_cdc.o
    0x080033f8   0x080033f8   0x00000094   Code   RO         4434    i.USBD_CDC_Init     usbd_cdc.o
    0x0800348c   0x0800348c   0x00000028   Code   RO         4435    i.USBD_CDC_ReceivePacket  usbd_cdc.o
    0x080034b4   0x080034b4   0x00000010   Code   RO         4436    i.USBD_CDC_RegisterInterface  usbd_cdc.o
    0x080034c4   0x080034c4   0x0000000c   Code   RO         4437    i.USBD_CDC_SetRxBuffer  usbd_cdc.o
    0x080034d0   0x080034d0   0x00000010   Code   RO         4438    i.USBD_CDC_SetTxBuffer  usbd_cdc.o
    0x080034e0   0x080034e0   0x000000ac   Code   RO         4439    i.USBD_CDC_Setup    usbd_cdc.o
    0x0800358c   0x0800358c   0x00000036   Code   RO         4440    i.USBD_CDC_TransmitPacket  usbd_cdc.o
    0x080035c2   0x080035c2   0x0000000e   Code   RO         4163    i.USBD_ClrClassConfig  usbd_core.o
    0x080035d0   0x080035d0   0x00000010   Code   RO         4366    i.USBD_CtlContinueRx  usbd_ioreq.o
    0x080035e0   0x080035e0   0x00000010   Code   RO         4367    i.USBD_CtlContinueSendData  usbd_ioreq.o
    0x080035f0   0x080035f0   0x00000016   Code   RO         4301    i.USBD_CtlError     usbd_ctlreq.o
    0x08003606   0x08003606   0x0000001e   Code   RO         4368    i.USBD_CtlPrepareRx  usbd_ioreq.o
    0x08003624   0x08003624   0x00000016   Code   RO         4369    i.USBD_CtlReceiveStatus  usbd_ioreq.o
    0x0800363a   0x0800363a   0x0000001a   Code   RO         4370    i.USBD_CtlSendData  usbd_ioreq.o
    0x08003654   0x08003654   0x00000016   Code   RO         4371    i.USBD_CtlSendStatus  usbd_ioreq.o
    0x0800366a   0x0800366a   0x00000002   PAD
    0x0800366c   0x0800366c   0x00000020   Code   RO          399    i.USBD_FS_ConfigStrDescriptor  usbd_desc.o
    0x0800368c   0x0800368c   0x0000000c   Code   RO          400    i.USBD_FS_DeviceDescriptor  usbd_desc.o
    0x08003698   0x08003698   0x00000024   Code   RO          401    i.USBD_FS_InterfaceStrDescriptor  usbd_desc.o
    0x080036bc   0x080036bc   0x0000000c   Code   RO          402    i.USBD_FS_LangIDStrDescriptor  usbd_desc.o
    0x080036c8   0x080036c8   0x00000028   Code   RO          403    i.USBD_FS_ManufacturerStrDescriptor  usbd_desc.o
    0x080036f0   0x080036f0   0x0000002c   Code   RO          404    i.USBD_FS_ProductStrDescriptor  usbd_desc.o
    0x0800371c   0x0800371c   0x00000038   Code   RO          405    i.USBD_FS_SerialStrDescriptor  usbd_desc.o
    0x08003754   0x08003754   0x000000e8   Code   RO         4302    i.USBD_GetDescriptor  usbd_ctlreq.o
    0x0800383c   0x0800383c   0x00000048   Code   RO         4303    i.USBD_GetString    usbd_ctlreq.o
    0x08003884   0x08003884   0x00000018   Code   RO          556    i.USBD_Get_USB_Status  usbd_conf.o
    0x0800389c   0x0800389c   0x0000002a   Code   RO         4165    i.USBD_Init         usbd_core.o
    0x080038c6   0x080038c6   0x00000012   Code   RO          557    i.USBD_LL_ClearStallEP  usbd_conf.o
    0x080038d8   0x080038d8   0x00000012   Code   RO          558    i.USBD_LL_CloseEP   usbd_conf.o
    0x080038ea   0x080038ea   0x000000c6   Code   RO         4166    i.USBD_LL_DataInStage  usbd_core.o
    0x080039b0   0x080039b0   0x00000082   Code   RO         4167    i.USBD_LL_DataOutStage  usbd_core.o
    0x08003a32   0x08003a32   0x00000008   Code   RO          562    i.USBD_LL_GetRxDataSize  usbd_conf.o
    0x08003a3a   0x08003a3a   0x00000002   PAD
    0x08003a3c   0x08003a3c   0x00000080   Code   RO          563    i.USBD_LL_Init      usbd_conf.o
    0x08003abc   0x08003abc   0x00000020   Code   RO          564    i.USBD_LL_IsStallEP  usbd_conf.o
    0x08003adc   0x08003adc   0x00000018   Code   RO          565    i.USBD_LL_OpenEP    usbd_conf.o
    0x08003af4   0x08003af4   0x00000012   Code   RO          566    i.USBD_LL_PrepareReceive  usbd_conf.o
    0x08003b06   0x08003b06   0x00000050   Code   RO         4172    i.USBD_LL_Reset     usbd_core.o
    0x08003b56   0x08003b56   0x00000014   Code   RO         4173    i.USBD_LL_Resume    usbd_core.o
    0x08003b6a   0x08003b6a   0x00000018   Code   RO         4174    i.USBD_LL_SOF       usbd_core.o
    0x08003b82   0x08003b82   0x00000006   Code   RO         4175    i.USBD_LL_SetSpeed  usbd_core.o
    0x08003b88   0x08003b88   0x00000012   Code   RO          567    i.USBD_LL_SetUSBAddress  usbd_conf.o
    0x08003b9a   0x08003b9a   0x0000005a   Code   RO         4176    i.USBD_LL_SetupStage  usbd_core.o
    0x08003bf4   0x08003bf4   0x00000012   Code   RO          568    i.USBD_LL_StallEP   usbd_conf.o
    0x08003c06   0x08003c06   0x00000012   Code   RO          569    i.USBD_LL_Start     usbd_conf.o
    0x08003c18   0x08003c18   0x00000012   Code   RO         4177    i.USBD_LL_Suspend   usbd_core.o
    0x08003c2a   0x08003c2a   0x00000012   Code   RO          571    i.USBD_LL_Transmit  usbd_conf.o
    0x08003c3c   0x08003c3c   0x00000028   Code   RO         4304    i.USBD_ParseSetupRequest  usbd_ctlreq.o
    0x08003c64   0x08003c64   0x00000010   Code   RO         4178    i.USBD_RegisterClass  usbd_core.o
    0x08003c74   0x08003c74   0x00000016   Code   RO         4180    i.USBD_SetClassConfig  usbd_core.o
    0x08003c8a   0x08003c8a   0x00000002   PAD
    0x08003c8c   0x08003c8c   0x00000084   Code   RO         4305    i.USBD_SetConfig    usbd_ctlreq.o
    0x08003d10   0x08003d10   0x0000000a   Code   RO         4181    i.USBD_Start        usbd_core.o
    0x08003d1a   0x08003d1a   0x00000112   Code   RO         4306    i.USBD_StdDevReq    usbd_ctlreq.o
    0x08003e2c   0x08003e2c   0x00000150   Code   RO         4307    i.USBD_StdEPReq     usbd_ctlreq.o
    0x08003f7c   0x08003f7c   0x0000004e   Code   RO         4308    i.USBD_StdItfReq    usbd_ctlreq.o
    0x08003fca   0x08003fca   0x00000002   Code   RO          572    i.USBD_static_free  usbd_conf.o
    0x08003fcc   0x08003fcc   0x00000008   Code   RO          573    i.USBD_static_malloc  usbd_conf.o
    0x08003fd4   0x08003fd4   0x0000029c   Code   RO          754    i.USB_ActivateEndpoint  stm32f3xx_ll_usb.o
    0x08004270   0x08004270   0x0000010e   Code   RO          758    i.USB_DeactivateEndpoint  stm32f3xx_ll_usb.o
    0x0800437e   0x0800437e   0x00000004   Code   RO          759    i.USB_DevConnect    stm32f3xx_ll_usb.o
    0x08004382   0x08004382   0x00000012   Code   RO          761    i.USB_DevInit       stm32f3xx_ll_usb.o
    0x08004394   0x08004394   0x0000000e   Code   RO          762    i.USB_DisableGlobalInt  stm32f3xx_ll_usb.o
    0x080043a2   0x080043a2   0x00000078   Code   RO          763    i.USB_EPClearStall  stm32f3xx_ll_usb.o
    0x0800441a   0x0800441a   0x00000032   Code   RO          764    i.USB_EPSetStall    stm32f3xx_ll_usb.o
    0x0800444c   0x0800444c   0x000004e2   Code   RO          765    i.USB_EPStartXfer   stm32f3xx_ll_usb.o
    0x0800492e   0x0800492e   0x00000012   Code   RO          767    i.USB_EnableGlobalInt  stm32f3xx_ll_usb.o
    0x08004940   0x08004940   0x0000000c   Code   RO          234    i.USB_LP_CAN_RX0_IRQHandler  stm32f3xx_it.o
    0x0800494c   0x0800494c   0x00000006   Code   RO          768    i.USB_ReadInterrupts  stm32f3xx_ll_usb.o
    0x08004952   0x08004952   0x00000002   PAD
    0x08004954   0x08004954   0x0000002c   Code   RO          769    i.USB_ReadPMA       stm32f3xx_ll_usb.o
    0x08004980   0x08004980   0x0000000c   Code   RO          771    i.USB_SetDevAddress  stm32f3xx_ll_usb.o
    0x0800498c   0x0800498c   0x00000026   Code   RO          773    i.USB_WritePMA      stm32f3xx_ll_usb.o
    0x080049b2   0x080049b2   0x00000002   Code   RO          235    i.UsageFault_Handler  stm32f3xx_it.o
    0x080049b4   0x080049b4   0x00000020   Code   RO         1675    i.__NVIC_SetPriority  stm32f3xx_hal_cortex.o
    0x080049d4   0x080049d4   0x00000078   Code   RO           19    i.main              main.o
    0x08004a4c   0x08004a4c   0x0000000a   Code   RO         4652    x$fpl$fpinit        fz_wm.l(fpinit.o)
    0x08004a56   0x08004a56   0x00000020   Data   RO         1359    .constdata          stm32f3xx_hal_rcc.o
    0x08004a76   0x08004a76   0x00000010   Data   RO         4127    .constdata          system_stm32f3xx.o
    0x08004a86   0x08004a86   0x00000002   PAD
    0x08004a88   0x08004a88   0x00000020   Data   RO         4710    Region$$Table       anon$$obj.o


    Execution Region RW_IRAM2 (Exec base: 0x10000000, Load base: 0x08004b68, Size: 0x00000000, Max: 0x00002000, ABSOLUTE)

    **** No section assigned to this execution region ****


    Execution Region RW_IRAM1 (Exec base: 0x20000000, Load base: 0x08004aa8, Size: 0x00001a70, Max: 0x0000a000, ABSOLUTE, COMPRESSED[0x000000c0])

    Exec Addr    Load Addr    Size         Type   Attr      Idx    E Section Name        Object

    0x20000000   COMPRESSED   0x00000008   Data   RW           22    .data               main.o
    0x20000008   COMPRESSED   0x0000001c   Data   RW          407    .data               usbd_desc.o
    0x20000024   COMPRESSED   0x00000032   Data   RW          408    .data               usbd_desc.o
    0x20000056   COMPRESSED   0x00000002   PAD
    0x20000058   COMPRESSED   0x00000010   Data   RW          491    .data               usbd_cdc_if.o
    0x20000068   COMPRESSED   0x0000000c   Data   RW         1196    .data               stm32f3xx_hal.o
    0x20000074   COMPRESSED   0x00000004   Data   RW         4129    .data               system_stm32f3xx.o
    0x20000078   COMPRESSED   0x00000001   Data   RW         4309    .data               usbd_ctlreq.o
    0x20000079   COMPRESSED   0x00000003   PAD
    0x2000007c   COMPRESSED   0x000000d7   Data   RW         4441    .data               usbd_cdc.o
    0x20000153   COMPRESSED   0x00000001   PAD
    0x20000154   COMPRESSED   0x00000038   Data   RW         4442    .data               usbd_cdc.o
    0x2000018c        -       0x0000009c   Zero   RW           20    .bss                main.o
    0x20000228        -       0x00000044   Zero   RW           21    .bss                main.o
    0x2000026c        -       0x000002c4   Zero   RW          368    .bss                usb_device.o
    0x20000530        -       0x00000200   Zero   RW          406    .bss                usbd_desc.o
    0x20000730        -       0x000007d0   Zero   RW          490    .bss                usbd_cdc_if.o
    0x20000f00        -       0x0000050c   Zero   RW          574    .bss                usbd_conf.o
    0x2000140c        -       0x00000060   Zero   RW         4582    .bss                c_w.l(libspace.o)
    0x2000146c   COMPRESSED   0x00000004   PAD
    0x20001470        -       0x00000200   Zero   RW            2    HEAP                startup_stm32f303xc.o
    0x20001670        -       0x00000400   Zero   RW            1    STACK               startup_stm32f303xc.o


==============================================================================

Image component sizes


      Code (inc. data)   RO Data    RW Data    ZI Data      Debug   Object Name

       554         42          0          8        224     630147   main.o
        64         26        392          0       1536        828   startup_stm32f303xc.o
       128         24          0         12          0      12685   stm32f3xx_hal.o
         6          0          0          0          0       1974   stm32f3xx_hal_adc.o
      2426        124          0          0          0       8894   stm32f3xx_hal_adc_ex.o
       198         14          0          0          0      33855   stm32f3xx_hal_cortex.o
       460         12          0          0          0       4151   stm32f3xx_hal_dma.o
       464         30          0          0          0       1572   stm32f3xx_hal_gpio.o
       248         28          0          0          0       2255   stm32f3xx_hal_msp.o
      2942          0          0          0          0      14341   stm32f3xx_hal_pcd.o
        60          0          0          0          0       1158   stm32f3xx_hal_pcd_ex.o
      1916         48         32          0          0       4478   stm32f3xx_hal_rcc.o
       536         14          0          0          0       1560   stm32f3xx_hal_rcc_ex.o
      1120         60          0          0          0      10053   stm32f3xx_hal_tim.o
       150         20          0          0          0       3024   stm32f3xx_hal_tim_ex.o
        56         18          0          0          0       5419   stm32f3xx_it.o
      2512          0          0          0          0      14160   stm32f3xx_ll_usb.o
        16          4         16          4          0       1079   system_stm32f3xx.o
        84         18          0          0        708        780   usb_device.o
       726         16          0        271          0      13226   usbd_cdc.o
       140         24          0         16       2000       3392   usbd_cdc_if.o
       612         28          0          0       1292      14661   usbd_conf.o
       670          0          0          0          0       9663   usbd_core.o
      1186         28          0          1          0       8036   usbd_ctlreq.o
       288        104          0         78        512       6005   usbd_desc.o
       132          0          0          0          0       4400   usbd_ioreq.o

    ----------------------------------------------------------------------
     17730        682        474        396       6272     811796   Object Totals
         0          0         32          0          0          0   (incl. Generated)
        36          0          2          6          0          0   (incl. Padding)

    ----------------------------------------------------------------------

      Code (inc. data)   RO Data    RW Data    ZI Data      Debug   Library Member Name

        90          0          0          0          0          0   __dczerorl2.o
         8          0          0          0          0         68   __main.o
         0          0          0          0          0          0   __rtentry.o
        12          0          0          0          0          0   __rtentry2.o
         6          0          0          0          0          0   __rtentry4.o
        52          8          0          0          0          0   __scatter.o
        28          0          0          0          0          0   __scatter_zi.o
        18          0          0          0          0         80   exit.o
         6          0          0          0          0        152   heapauxi.o
         0          0          0          0          0          0   indicate_semi.o
         2          0          0          0          0          0   libinit.o
         6          0          0          0          0          0   libinit2.o
         2          0          0          0          0          0   libshutdown.o
         2          0          0          0          0          0   libshutdown2.o
         8          4          0          0         96         68   libspace.o
       238          0          0          0          0        100   lludivv7m.o
        78          0          0          0          0         80   rt_memclr_w.o
       138          0          0          0          0         68   rt_memcpy_v6.o
       100          0          0          0          0         80   rt_memcpy_w.o
         2          0          0          0          0          0   rtexit.o
        10          0          0          0          0          0   rtexit2.o
        12          4          0          0          0         68   sys_exit.o
        74          0          0          0          0         80   sys_stackheap_outer.o
         2          0          0          0          0         68   use_no_semi.o
        10          0          0          0          0        116   fpinit.o

    ----------------------------------------------------------------------
       908         16          0          0        100       1028   Library Totals
         4          0          0          0          4          0   (incl. Padding)

    ----------------------------------------------------------------------

      Code (inc. data)   RO Data    RW Data    ZI Data      Debug   Library Name

       894         16          0          0         96        912   c_w.l
        10          0          0          0          0        116   fz_wm.l

    ----------------------------------------------------------------------
       908         16          0          0        100       1028   Library Totals

    ----------------------------------------------------------------------

==============================================================================


      Code (inc. data)   RO Data    RW Data    ZI Data      Debug   

     18638        698        474        396       6372     795360   Grand Totals
     18638        698        474        192       6372     795360   ELF Image Totals (compressed)
     18638        698        474        192          0          0   ROM Totals

==============================================================================

    Total RO  Size (Code + RO Data)                19112 (  18.66kB)
    Total RW  Size (RW Data + ZI Data)              6768 (   6.61kB)
    Total ROM Size (Code + RO Data + RW Data)      19304 (  18.85kB)

==============================================================================

